Archive member included because of file (symbol)

C:/nxp/LPCXpresso_7.9.2_493/workspace/workspace/robocar_shimoe/lib\libCMSISv1p30_LPC13xx.a(system_LPC13xx.o)
                              ./src/cr_startup_lpc13.o (SystemInit)

Allocating common symbols
Common symbol       size              file

WDF                 0x1               ./src/vs-wrc103.o
I2CReadLength       0x4               ./src/ixbus.o
I2CSlaveBuffer      0x6               ./src/ixbus.o
adtemp              0x10              ./src/ixbus.o
USB_InPutData       0x40              ./src/main.o
iBuzzerPitch        0x4               ./src/vs-wrc103.o
enc_A               0x4               ./src/vs-wrc103.o
bBuzzerFlag         0x1               ./src/vs-wrc103.o
I2CMode             0x4               ./src/ixbus.o
PS_DATA             0x14              ./src/vs-wrc103.o
I2CMasterBuffer     0x6               ./src/ixbus.o
memmap              0x80              ./src/main.o
enc_B               0x4               ./src/vs-wrc103.o
MainCnt             0x2               ./src/vs-wrc103.o
I2CWriteLength      0x4               ./src/ixbus.o
USB_OutPutData      0x40              ./src/main.o
bSendUSBdata        0x1               ./src/main.o
isUSB_data_sending  0x1               ./src/main.o

Discarded input sections

 .group         0x00000000        0x8 ./src/cr_startup_lpc13.o
 .group         0x00000000        0x8 ./src/cr_startup_lpc13.o
 .group         0x00000000        0x8 ./src/cr_startup_lpc13.o
 .group         0x00000000        0x8 ./src/cr_startup_lpc13.o
 .text          0x00000000        0x0 ./src/cr_startup_lpc13.o
 .data          0x00000000        0x0 ./src/cr_startup_lpc13.o
 .bss           0x00000000        0x0 ./src/cr_startup_lpc13.o
 .group         0x00000000        0x8 ./src/gpio.o
 .group         0x00000000        0x8 ./src/gpio.o
 .group         0x00000000        0x8 ./src/gpio.o
 .group         0x00000000        0x8 ./src/gpio.o
 .group         0x00000000        0x8 ./src/gpio.o
 .group         0x00000000        0x8 ./src/gpio.o
 .group         0x00000000        0x8 ./src/gpio.o
 .group         0x00000000        0x8 ./src/gpio.o
 .group         0x00000000        0x8 ./src/gpio.o
 .text          0x00000000        0x0 ./src/gpio.o
 .data          0x00000000        0x0 ./src/gpio.o
 .bss           0x00000000        0x0 ./src/gpio.o
 .text.GPIOGetValueBit
                0x00000000       0x44 ./src/gpio.o
 .text.GPIOGetValue
                0x00000000       0x18 ./src/gpio.o
 .text.GPIOSetInterrupt
                0x00000000      0x130 ./src/gpio.o
 .text.GPIOIntEnable
                0x00000000       0x48 ./src/gpio.o
 .text.GPIOIntDisable
                0x00000000       0x4c ./src/gpio.o
 .text.GPIOIntStatus
                0x00000000       0x4c ./src/gpio.o
 .text.GPIOIntClear
                0x00000000       0x48 ./src/gpio.o
 .debug_macro   0x00000000      0x87a ./src/gpio.o
 .debug_macro   0x00000000       0x10 ./src/gpio.o
 .debug_macro   0x00000000      0x12d ./src/gpio.o
 .debug_macro   0x00000000      0x5b2 ./src/gpio.o
 .group         0x00000000        0x8 ./src/ixbus.o
 .group         0x00000000        0x8 ./src/ixbus.o
 .group         0x00000000        0x8 ./src/ixbus.o
 .group         0x00000000        0x8 ./src/ixbus.o
 .group         0x00000000        0x8 ./src/ixbus.o
 .group         0x00000000        0x8 ./src/ixbus.o
 .group         0x00000000        0x8 ./src/ixbus.o
 .group         0x00000000        0x8 ./src/ixbus.o
 .group         0x00000000        0x8 ./src/ixbus.o
 .group         0x00000000        0x8 ./src/ixbus.o
 .text          0x00000000        0x0 ./src/ixbus.o
 .data          0x00000000        0x0 ./src/ixbus.o
 .text.I2CStart
                0x00000000       0x24 ./src/ixbus.o
 .text.I2CStop  0x00000000       0x1a ./src/ixbus.o
 .text.I2C_init
                0x00000000       0x64 ./src/ixbus.o
 .text.I2CEngine
                0x00000000       0x30 ./src/ixbus.o
 .text.Get_IX008
                0x00000000       0x84 ./src/ixbus.o
 .rodata        0x00000000        0x8 ./src/ixbus.o
 .debug_macro   0x00000000      0x87a ./src/ixbus.o
 .debug_macro   0x00000000       0x1c ./src/ixbus.o
 .debug_macro   0x00000000       0x22 ./src/ixbus.o
 .debug_macro   0x00000000       0x10 ./src/ixbus.o
 .debug_macro   0x00000000      0x12d ./src/ixbus.o
 .debug_macro   0x00000000      0x5b2 ./src/ixbus.o
 .debug_macro   0x00000000      0x7b7 ./src/ixbus.o
 .debug_macro   0x00000000      0x115 ./src/ixbus.o
 .group         0x00000000        0x8 ./src/main.o
 .group         0x00000000        0x8 ./src/main.o
 .group         0x00000000        0x8 ./src/main.o
 .group         0x00000000        0x8 ./src/main.o
 .group         0x00000000        0x8 ./src/main.o
 .group         0x00000000        0x8 ./src/main.o
 .group         0x00000000        0x8 ./src/main.o
 .group         0x00000000        0x8 ./src/main.o
 .group         0x00000000        0x8 ./src/main.o
 .group         0x00000000        0x8 ./src/main.o
 .group         0x00000000        0x8 ./src/main.o
 .text          0x00000000        0x0 ./src/main.o
 .data          0x00000000        0x0 ./src/main.o
 .text.Sensor   0x00000000       0x14 ./src/main.o
 .debug_macro   0x00000000      0x87a ./src/main.o
 .debug_macro   0x00000000       0x1c ./src/main.o
 .debug_macro   0x00000000       0x22 ./src/main.o
 .debug_macro   0x00000000       0x10 ./src/main.o
 .debug_macro   0x00000000      0x12d ./src/main.o
 .debug_macro   0x00000000      0x5b2 ./src/main.o
 .debug_macro   0x00000000      0x7b7 ./src/main.o
 .debug_macro   0x00000000      0x115 ./src/main.o
 .debug_macro   0x00000000       0x22 ./src/main.o
 .debug_macro   0x00000000       0xac ./src/main.o
 .group         0x00000000        0x8 ./src/vs-wrc103.o
 .group         0x00000000        0x8 ./src/vs-wrc103.o
 .group         0x00000000        0x8 ./src/vs-wrc103.o
 .group         0x00000000        0x8 ./src/vs-wrc103.o
 .group         0x00000000        0x8 ./src/vs-wrc103.o
 .group         0x00000000        0x8 ./src/vs-wrc103.o
 .group         0x00000000        0x8 ./src/vs-wrc103.o
 .group         0x00000000        0x8 ./src/vs-wrc103.o
 .group         0x00000000        0x8 ./src/vs-wrc103.o
 .group         0x00000000        0x8 ./src/vs-wrc103.o
 .text          0x00000000        0x0 ./src/vs-wrc103.o
 .data          0x00000000        0x0 ./src/vs-wrc103.o
 .text.getMainCycle
                0x00000000        0xc ./src/vs-wrc103.o
 .text.getSW    0x00000000       0x12 ./src/vs-wrc103.o
 .text.PadWait  0x00000000        0xe ./src/vs-wrc103.o
 .text.Ds2rw    0x00000000       0x78 ./src/vs-wrc103.o
 .text.Ds2Com   0x00000000       0x44 ./src/vs-wrc103.o
 .text.PS_Set_AN
                0x00000000       0x98 ./src/vs-wrc103.o
 .text.updatePAD
                0x00000000       0x60 ./src/vs-wrc103.o
 .text.getPAD   0x00000000       0x14 ./src/vs-wrc103.o
 .text.isBuzzer
                0x00000000        0xc ./src/vs-wrc103.o
 .text.InitEncoder
                0x00000000       0xe0 ./src/vs-wrc103.o
 .text.ClearEncoder
                0x00000000       0x14 ./src/vs-wrc103.o
 .text.GetEncoder
                0x00000000       0x18 ./src/vs-wrc103.o
 .debug_macro   0x00000000      0x87a ./src/vs-wrc103.o
 .debug_macro   0x00000000       0x1c ./src/vs-wrc103.o
 .debug_macro   0x00000000       0x22 ./src/vs-wrc103.o
 .debug_macro   0x00000000       0x10 ./src/vs-wrc103.o
 .debug_macro   0x00000000      0x12d ./src/vs-wrc103.o
 .debug_macro   0x00000000      0x5b2 ./src/vs-wrc103.o
 .debug_macro   0x00000000      0x7b7 ./src/vs-wrc103.o
 .debug_macro   0x00000000      0x115 ./src/vs-wrc103.o
 .debug_macro   0x00000000       0x22 ./src/vs-wrc103.o
 .debug_macro   0x00000000       0x1c ./src/vs-wrc103.o
 .text          0x00000000        0x0 C:/nxp/LPCXpresso_7.9.2_493/workspace/workspace/robocar_shimoe/lib\libCMSISv1p30_LPC13xx.a(system_LPC13xx.o)
 .data          0x00000000        0x4 C:/nxp/LPCXpresso_7.9.2_493/workspace/workspace/robocar_shimoe/lib\libCMSISv1p30_LPC13xx.a(system_LPC13xx.o)
 .bss           0x00000000        0x0 C:/nxp/LPCXpresso_7.9.2_493/workspace/workspace/robocar_shimoe/lib\libCMSISv1p30_LPC13xx.a(system_LPC13xx.o)
 .text.SystemCoreClockUpdate
                0x00000000      0x150 C:/nxp/LPCXpresso_7.9.2_493/workspace/workspace/robocar_shimoe/lib\libCMSISv1p30_LPC13xx.a(system_LPC13xx.o)

Memory Configuration

Name             Origin             Length             Attributes
MFlash32         0x00000000         0x00007000         xr
FlashMap         0x00007000         0x00001000         xr
RamLoc8          0x10000000         0x00002000         xrw
*default*        0x00000000         0xffffffff

Linker script and memory map

LOAD ./src/cr_startup_lpc13.o
LOAD ./src/gpio.o
LOAD ./src/ixbus.o
LOAD ./src/main.o
LOAD ./src/vs-wrc103.o
LOAD C:/nxp/LPCXpresso_7.9.2_493/workspace/workspace/robocar_shimoe/lib\libCMSISv1p30_LPC13xx.a
START GROUP
LOAD c:/nxp/lpcxpresso_7.9.2_493/lpcxpresso/tools/bin/../lib/gcc/arm-none-eabi/4.9.3/../../../../arm-none-eabi/lib/armv7-m\libcr_semihost.a
LOAD c:/nxp/lpcxpresso_7.9.2_493/lpcxpresso/tools/bin/../lib/gcc/arm-none-eabi/4.9.3/../../../../arm-none-eabi/lib/armv7-m\libcr_c.a
LOAD c:/nxp/lpcxpresso_7.9.2_493/lpcxpresso/tools/bin/../lib/gcc/arm-none-eabi/4.9.3/armv7-m\libcr_eabihelpers.a
END GROUP
                0x00007000                __top_MFlash32 = 0x7000
                0x00008000                __top_FlashMap = 0x8000
                0x10002000                __top_RamLoc8 = 0x10002000

.text           0x00000000      0xfd5
 *(.isr_vector)
 .isr_vector    0x00000000      0x124 ./src/cr_startup_lpc13.o
                0x00000000                g_pfnVectors
 *(.text*)
 .text.NMI_Handler
                0x00000124        0x2 ./src/cr_startup_lpc13.o
                0x00000124                NMI_Handler
 .text.HardFault_Handler
                0x00000126        0x2 ./src/cr_startup_lpc13.o
                0x00000126                HardFault_Handler
 .text.MemManage_Handler
                0x00000128        0x2 ./src/cr_startup_lpc13.o
                0x00000128                MemManage_Handler
 .text.BusFault_Handler
                0x0000012a        0x2 ./src/cr_startup_lpc13.o
                0x0000012a                BusFault_Handler
 .text.UsageFault_Handler
                0x0000012c        0x2 ./src/cr_startup_lpc13.o
                0x0000012c                UsageFault_Handler
 .text.SVCall_Handler
                0x0000012e        0x2 ./src/cr_startup_lpc13.o
                0x0000012e                SVCall_Handler
 .text.DebugMon_Handler
                0x00000130        0x2 ./src/cr_startup_lpc13.o
                0x00000130                DebugMon_Handler
 .text.PendSV_Handler
                0x00000132        0x2 ./src/cr_startup_lpc13.o
                0x00000132                PendSV_Handler
 .text.SysTick_Handler
                0x00000134        0x2 ./src/cr_startup_lpc13.o
                0x00000134                SysTick_Handler
 .text.IntDefaultHandler
                0x00000136        0x2 ./src/cr_startup_lpc13.o
                0x00000136                TIMER16_0_IRQHandler
                0x00000136                UART_IRQHandler
                0x00000136                TIMER32_1_IRQHandler
                0x00000136                SSP_IRQHandler
                0x00000136                TIMER16_1_IRQHandler
                0x00000136                USB_FIQHandler
                0x00000136                ADC_IRQHandler
                0x00000136                USB_IRQHandler
                0x00000136                BOD_IRQHandler
                0x00000136                WAKEUP_IRQHandler
                0x00000136                WDT_IRQHandler
                0x00000136                PIOINT3_IRQHandler
                0x00000136                FMC_IRQHandler
 .text.Reset_Handler
                0x00000138       0x54 ./src/cr_startup_lpc13.o
                0x00000138                ResetISR
                0x00000138                Reset_Handler
 .text.GPIOSetDir
                0x0000018c       0x90 ./src/gpio.o
                0x0000018c                GPIOSetDir
 .text.GPIOSetValue
                0x0000021c       0x4c ./src/gpio.o
                0x0000021c                GPIOSetValue
 .text.I2C_IRQHandler
                0x00000268      0x190 ./src/ixbus.o
                0x00000268                I2C_IRQHandler
 .text.MtrRunlv
                0x000003f8       0x1a ./src/main.o
                0x000003f8                MtrRunlv
 *fill*         0x00000412        0x2 
 .text.RunOneSide
                0x00000414       0x38 ./src/main.o
                0x00000414                RunOneSide
 .text.Run      0x0000044c       0x34 ./src/main.o
                0x0000044c                Run
 .text.AcrossBlack
                0x00000480       0x50 ./src/main.o
                0x00000480                AcrossBlack
 .text.AcrossGray
                0x000004d0       0x5c ./src/main.o
                0x000004d0                AcrossGray
 .text.Turn     0x0000052c       0xb0 ./src/main.o
                0x0000052c                Turn
 .text.LookBack1
                0x000005dc       0x78 ./src/main.o
                0x000005dc                LookBack1
 .text.Goal     0x00000654       0x8c ./src/main.o
                0x00000654                Goal
 .text.Action   0x000006e0      0x100 ./src/main.o
                0x000006e0                Action
 .text.startup.main
                0x000007e0       0x40 ./src/main.o
                0x000007e0                main
 .text.Sync     0x00000820       0x58 ./src/vs-wrc103.o
                0x00000820                Sync
 .text.Mtr_Run_lv
                0x00000878       0xb8 ./src/vs-wrc103.o
                0x00000878                Mtr_Run_lv
 .text.Timer32Init
                0x00000930       0x3c ./src/vs-wrc103.o
                0x00000930                Timer32Init
 .text.Timer16Init
                0x0000096c       0x64 ./src/vs-wrc103.o
                0x0000096c                Timer16Init
 .text.ADCInit  0x000009d0       0x2c ./src/vs-wrc103.o
                0x000009d0                ADCInit
 .text.Init     0x000009fc      0x278 ./src/vs-wrc103.o
                0x000009fc                Init
 .text.ADRead   0x00000c74       0x70 ./src/vs-wrc103.o
                0x00000c74                ADRead
 .text.LED      0x00000ce4       0x26 ./src/vs-wrc103.o
                0x00000ce4                LED
 *fill*         0x00000d0a        0x2 
 .text.Wait     0x00000d0c       0x20 ./src/vs-wrc103.o
                0x00000d0c                Wait
 .text.BuzzerSet
                0x00000d2c       0x10 ./src/vs-wrc103.o
                0x00000d2c                BuzzerSet
 .text.BuzzerStart
                0x00000d3c       0x34 ./src/vs-wrc103.o
                0x00000d3c                BuzzerStart
 .text.BuzzerStop
                0x00000d70       0x1c ./src/vs-wrc103.o
                0x00000d70                BuzzerStop
 .text.TIMER32_0_IRQHandler
                0x00000d8c       0x80 ./src/vs-wrc103.o
                0x00000d8c                TIMER32_0_IRQHandler
 .text.IntEncoder
                0x00000e0c       0xa0 ./src/vs-wrc103.o
                0x00000e0c                IntEncoder
 .text.PIOINT0_IRQHandler
                0x00000eac        0x4 ./src/vs-wrc103.o
                0x00000eac                PIOINT0_IRQHandler
 .text.PIOINT1_IRQHandler
                0x00000eb0        0x4 ./src/vs-wrc103.o
                0x00000eb0                PIOINT1_IRQHandler
 .text.PIOINT2_IRQHandler
                0x00000eb4        0x4 ./src/vs-wrc103.o
                0x00000eb4                PIOINT2_IRQHandler
 .text.SystemInit
                0x00000eb8       0xe0 C:/nxp/LPCXpresso_7.9.2_493/workspace/workspace/robocar_shimoe/lib\libCMSISv1p30_LPC13xx.a(system_LPC13xx.o)
                0x00000eb8                SystemInit
 *(.rodata*)
 .rodata        0x00000f98       0x3d ./src/vs-wrc103.o
                0x00000fc5                enctbl

.glue_7         0x00000fd8        0x0
 .glue_7        0x00000000        0x0 linker stubs

.glue_7t        0x00000fd8        0x0
 .glue_7t       0x00000000        0x0 linker stubs

.vfp11_veneer   0x00000fd8        0x0
 .vfp11_veneer  0x00000000        0x0 linker stubs

.v4_bx          0x00000fd8        0x0
 .v4_bx         0x00000000        0x0 linker stubs

.iplt           0x00000fd8        0x0
 .iplt          0x00000000        0x0 ./src/cr_startup_lpc13.o

.rel.dyn        0x00000fd8        0x0
 .rel.iplt      0x00000000        0x0 ./src/cr_startup_lpc13.o

.ARM.extab
 *(.ARM.extab* .gnu.linkonce.armextab.*)
                0x00000fd8                __exidx_start = .

.ARM.exidx
 *(.ARM.exidx* .gnu.linkonce.armexidx.*)
                0x00000fd8                __exidx_end = .
                0x00000fd8                _etext = .

.cmap
 *(.Const_Map*)

.data           0x10000000        0x0 load address 0x00000fd5
                0x10000000                _data = .
 *(vtable)
 *(.data*)
                0x10000000                _edata = .

.igot.plt       0x10000000        0x0 load address 0x00000fd5
 .igot.plt      0x00000000        0x0 ./src/cr_startup_lpc13.o

.bss            0x10000000      0x1f2 load address 0x00000fd5
                0x10000000                _bss = .
 *(.bss*)
 .bss           0x10000000       0x6c ./src/ixbus.o
                0x10000054                WrIndex
                0x10000058                I2CMasterState
                0x1000005c                RdIndex
                0x10000060                I2CEndFlag
                0x10000064                I2CCount
                0x10000068                I2CSlaveState
 .bss           0x1000006c        0x8 ./src/main.o
                0x1000006c                scale
                0x10000070                count
 .bss           0x10000074       0x22 ./src/vs-wrc103.o
                0x10000095                EncFlag
 *(COMMON)
 *fill*         0x10000096        0x2 
 COMMON         0x10000098       0x2c ./src/ixbus.o
                0x10000098                I2CReadLength
                0x1000009c                I2CSlaveBuffer
                0x100000a2                adtemp
                0x100000b4                I2CMode
                0x100000b8                I2CMasterBuffer
                0x100000c0                I2CWriteLength
 COMMON         0x100000c4      0x102 ./src/main.o
                0x100000c4                USB_InPutData
                0x10000104                memmap
                0x10000184                USB_OutPutData
                0x100001c4                bSendUSBdata
                0x100001c5                isUSB_data_sending
 *fill*         0x100001c6        0x2 
 COMMON         0x100001c8       0x2a ./src/vs-wrc103.o
                0x100001c8                WDF
                0x100001cc                iBuzzerPitch
                0x100001d0                enc_A
                0x100001d4                bBuzzerFlag
                0x100001d6                PS_DATA
                0x100001ec                enc_B
                0x100001f0                MainCnt
                0x100001f2                _ebss = .

.cr_heap        0x100001f2        0x0 load address 0x00000fd5
                0x100001f2                end = .
                0x100001f2                _pvHeapStart = .
                0x10002000                _vRamTop = __top_RamLoc8
                0x10002000                _vStackTop = (_vRamTop - 0x0)
OUTPUT(robocar_shimoe.axf elf32-littlearm)

.debug_info     0x00000000     0x3f65
 .debug_info    0x00000000      0x1fe ./src/cr_startup_lpc13.o
 .debug_info    0x000001fe      0x3c7 ./src/gpio.o
 .debug_info    0x000005c5      0xcfe ./src/ixbus.o
 .debug_info    0x000012c3      0xaea ./src/main.o
 .debug_info    0x00001dad     0x1c68 ./src/vs-wrc103.o
 .debug_info    0x00003a15      0x550 C:/nxp/LPCXpresso_7.9.2_493/workspace/workspace/robocar_shimoe/lib\libCMSISv1p30_LPC13xx.a(system_LPC13xx.o)

.debug_abbrev   0x00000000      0xcd8
 .debug_abbrev  0x00000000       0xf8 ./src/cr_startup_lpc13.o
 .debug_abbrev  0x000000f8      0x19b ./src/gpio.o
 .debug_abbrev  0x00000293      0x240 ./src/ixbus.o
 .debug_abbrev  0x000004d3      0x26d ./src/main.o
 .debug_abbrev  0x00000740      0x4a5 ./src/vs-wrc103.o
 .debug_abbrev  0x00000be5       0xf3 C:/nxp/LPCXpresso_7.9.2_493/workspace/workspace/robocar_shimoe/lib\libCMSISv1p30_LPC13xx.a(system_LPC13xx.o)

.debug_loc      0x00000000     0x1755
 .debug_loc     0x00000000       0x2b ./src/cr_startup_lpc13.o
 .debug_loc     0x0000002b      0x63d ./src/gpio.o
 .debug_loc     0x00000668      0x254 ./src/ixbus.o
 .debug_loc     0x000008bc      0x898 ./src/main.o
 .debug_loc     0x00001154      0x4ff ./src/vs-wrc103.o
 .debug_loc     0x00001653      0x102 C:/nxp/LPCXpresso_7.9.2_493/workspace/workspace/robocar_shimoe/lib\libCMSISv1p30_LPC13xx.a(system_LPC13xx.o)

.debug_aranges  0x00000000      0x2b0
 .debug_aranges
                0x00000000       0x70 ./src/cr_startup_lpc13.o
 .debug_aranges
                0x00000070       0x60 ./src/gpio.o
 .debug_aranges
                0x000000d0       0x48 ./src/ixbus.o
 .debug_aranges
                0x00000118       0x70 ./src/main.o
 .debug_aranges
                0x00000188      0x100 ./src/vs-wrc103.o
 .debug_aranges
                0x00000288       0x28 C:/nxp/LPCXpresso_7.9.2_493/workspace/workspace/robocar_shimoe/lib\libCMSISv1p30_LPC13xx.a(system_LPC13xx.o)

.debug_ranges   0x00000000      0x270
 .debug_ranges  0x00000000       0x60 ./src/cr_startup_lpc13.o
 .debug_ranges  0x00000060       0x50 ./src/gpio.o
 .debug_ranges  0x000000b0       0x50 ./src/ixbus.o
 .debug_ranges  0x00000100       0x60 ./src/main.o
 .debug_ranges  0x00000160       0xf0 ./src/vs-wrc103.o
 .debug_ranges  0x00000250       0x20 C:/nxp/LPCXpresso_7.9.2_493/workspace/workspace/robocar_shimoe/lib\libCMSISv1p30_LPC13xx.a(system_LPC13xx.o)

.debug_macro    0x00000000     0x1c47
 .debug_macro   0x00000000       0x52 ./src/cr_startup_lpc13.o
 .debug_macro   0x00000052      0x87a ./src/cr_startup_lpc13.o
 .debug_macro   0x000008cc       0x10 ./src/cr_startup_lpc13.o
 .debug_macro   0x000008dc      0x12d ./src/cr_startup_lpc13.o
 .debug_macro   0x00000a09      0x5b2 ./src/cr_startup_lpc13.o
 .debug_macro   0x00000fbb       0x6b ./src/gpio.o
 .debug_macro   0x00001026       0x1c ./src/gpio.o
 .debug_macro   0x00001042       0x22 ./src/gpio.o
 .debug_macro   0x00001064      0x7b7 ./src/gpio.o
 .debug_macro   0x0000181b      0x115 ./src/gpio.o
 .debug_macro   0x00001930       0x22 ./src/gpio.o
 .debug_macro   0x00001952       0x74 ./src/ixbus.o
 .debug_macro   0x000019c6       0x1c ./src/ixbus.o
 .debug_macro   0x000019e2       0xac ./src/ixbus.o
 .debug_macro   0x00001a8e       0xcb ./src/main.o
 .debug_macro   0x00001b59       0x1c ./src/main.o
 .debug_macro   0x00001b75       0xd2 ./src/vs-wrc103.o

.debug_line     0x00000000     0x14c2
 .debug_line    0x00000000      0x243 ./src/cr_startup_lpc13.o
 .debug_line    0x00000243      0x2b9 ./src/gpio.o
 .debug_line    0x000004fc      0x2ec ./src/ixbus.o
 .debug_line    0x000007e8      0x3eb ./src/main.o
 .debug_line    0x00000bd3      0x5c5 ./src/vs-wrc103.o
 .debug_line    0x00001198      0x32a C:/nxp/LPCXpresso_7.9.2_493/workspace/workspace/robocar_shimoe/lib\libCMSISv1p30_LPC13xx.a(system_LPC13xx.o)

.debug_str      0x00000000     0x85ff
 .debug_str     0x00000000     0x3cdf ./src/cr_startup_lpc13.o
                               0x3d7a (size before relaxing)
 .debug_str     0x00003cdf     0x3601 ./src/gpio.o
                               0x7207 (size before relaxing)
 .debug_str     0x000072e0      0xc02 ./src/ixbus.o
                               0x7d03 (size before relaxing)
 .debug_str     0x00007ee2      0x1bd ./src/main.o
                               0x750d (size before relaxing)
 .debug_str     0x0000809f      0x4bb ./src/vs-wrc103.o
                               0x7f31 (size before relaxing)
 .debug_str     0x0000855a       0xa5 C:/nxp/LPCXpresso_7.9.2_493/workspace/workspace/robocar_shimoe/lib\libCMSISv1p30_LPC13xx.a(system_LPC13xx.o)
                                0x3f3 (size before relaxing)

.comment        0x00000000       0x9b
 .comment       0x00000000       0x70 ./src/cr_startup_lpc13.o
                                 0x71 (size before relaxing)
 .comment       0x00000000       0x71 ./src/gpio.o
 .comment       0x00000000       0x71 ./src/ixbus.o
 .comment       0x00000000       0x71 ./src/main.o
 .comment       0x00000000       0x71 ./src/vs-wrc103.o
 .comment       0x00000070       0x2b C:/nxp/LPCXpresso_7.9.2_493/workspace/workspace/robocar_shimoe/lib\libCMSISv1p30_LPC13xx.a(system_LPC13xx.o)

.ARM.attributes
                0x00000000       0x33
 .ARM.attributes
                0x00000000       0x33 ./src/cr_startup_lpc13.o
 .ARM.attributes
                0x00000033       0x33 ./src/gpio.o
 .ARM.attributes
                0x00000066       0x33 ./src/ixbus.o
 .ARM.attributes
                0x00000099       0x33 ./src/main.o
 .ARM.attributes
                0x000000cc       0x33 ./src/vs-wrc103.o
 .ARM.attributes
                0x000000ff       0x31 C:/nxp/LPCXpresso_7.9.2_493/workspace/workspace/robocar_shimoe/lib\libCMSISv1p30_LPC13xx.a(system_LPC13xx.o)

.debug_frame    0x00000000      0x644
 .debug_frame   0x00000000       0xc8 ./src/cr_startup_lpc13.o
 .debug_frame   0x000000c8       0xd0 ./src/gpio.o
 .debug_frame   0x00000198       0x98 ./src/ixbus.o
 .debug_frame   0x00000230      0x160 ./src/main.o
 .debug_frame   0x00000390      0x284 ./src/vs-wrc103.o
 .debug_frame   0x00000614       0x30 C:/nxp/LPCXpresso_7.9.2_493/workspace/workspace/robocar_shimoe/lib\libCMSISv1p30_LPC13xx.a(system_LPC13xx.o)

.debug_macinfo  0x00000000     0x62a4
 .debug_macinfo
                0x00000000     0x62a4 C:/nxp/LPCXpresso_7.9.2_493/workspace/workspace/robocar_shimoe/lib\libCMSISv1p30_LPC13xx.a(system_LPC13xx.o)

.debug_pubnames
                0x00000000       0x4f
 .debug_pubnames
                0x00000000       0x4f C:/nxp/LPCXpresso_7.9.2_493/workspace/workspace/robocar_shimoe/lib\libCMSISv1p30_LPC13xx.a(system_LPC13xx.o)
