10:51:11 **** Build of configuration Debug for project array ****
make -r all 
Building target: array.axf
Invoking: MCU Linker
arm-none-eabi-gcc -nostdlib -L"/home/t/o104064k/robocar/workspace/array/lib" -Xlinker --gc-sections -Xlinker -Map=array.map -mcpu=cortex-m3 -mthumb -T "../Debug/vs-wrc103lv_Debug.ld" -o "array.axf"  ./src/cr_startup_lpc13.o ./src/gpio.o ./src/ixbus.o ./src/main.o ./src/vs-wrc103.o   -lCMSISv1p30_LPC13xx
Finished building target: array.axf
 
make --no-print-directory post-build
Performing post-build steps
arm-none-eabi-size array.axf; arm-none-eabi-size array.axf; arm-none-eabi-objcopy -O binary array.axf array.bin; checksum array.bin;
   text	   data	    bss	    dec	    hex	filename
   2961	      0	    578	   3539	    dd3	array.axf
   text	   data	    bss	    dec	    hex	filename
   2961	      0	    578	   3539	    dd3	array.axf
 

10:51:11 Build Finished (took 256ms)

