10:51:12 **** Build of configuration Debug for project day7 ****
make -r all 
Building target: day7.axf
Invoking: MCU Linker
arm-none-eabi-gcc -nostdlib -L"/home/t/o104064k/robocar/workspace/day7/lib" -Xlinker --gc-sections -Xlinker -Map=day7.map -mcpu=cortex-m3 -mthumb -T "../Debug/vs-wrc103lv_Debug.ld" -o "day7.axf"  ./src/cr_startup_lpc13.o ./src/gpio.o ./src/ixbus.o ./src/main.o ./src/vs-wrc103.o   -lCMSISv1p30_LPC13xx
Finished building target: day7.axf
 
make --no-print-directory post-build
Performing post-build steps
arm-none-eabi-size day7.axf; arm-none-eabi-size day7.axf; arm-none-eabi-objcopy -O binary day7.axf day7.bin; checksum day7.bin;
   text	   data	    bss	    dec	    hex	filename
   2449	      0	    490	   2939	    b7b	day7.axf
   text	   data	    bss	    dec	    hex	filename
   2449	      0	    490	   2939	    b7b	day7.axf
 

10:51:12 Build Finished (took 162ms)

