16:48:48 **** Incremental Build of configuration Debug for project buzzer ****
make -r all 
Building file: ../src/cr_startup_lpc13.c
Invoking: MCU C Compiler
arm-none-eabi-gcc -D__USE_CMSIS=CMSISv1p30_LPC13xx -DDEBUG -D__CODE_RED -D__REDLIB__ -I"C:/Users/宏太/Documents/LPCXpresso_7.9.2_493/workspace/buzzer/inc" -I"C:/Users/宏太/Documents/LPCXpresso_7.9.2_493/workspace/buzzer/lib" -O0 -Os -mword-relocations -g3 -Wall -c -fmessage-length=0 -fno-builtin -ffunction-sections -mcpu=cortex-m3 -mthumb -D__REDLIB__ -specs=redlib.specs -MMD -MP -MF"src/cr_startup_lpc13.d" -MT"src/cr_startup_lpc13.o" -MT"src/cr_startup_lpc13.d" -o"src/cr_startup_lpc13.o" "../src/cr_startup_lpc13.c"
../src/cr_startup_lpc13.c:34:28: fatal error: system_LPC13xx.h: No such file or directory
 #include "system_LPC13xx.h"
                            ^
compilation terminated.
make: *** [src/cr_startup_lpc13.o] Error 1
16:50:39 **** Incremental Build of configuration Debug for project buzzer ****
make -r all 
Building file: ../src/cr_startup_lpc13.c
Invoking: MCU C Compiler
arm-none-eabi-gcc -D__USE_CMSIS=CMSISv1p30_LPC13xx -DDEBUG -D__CODE_RED -D__REDLIB__ -I"C:/Users/宏太/Documents/LPCXpresso_7.9.2_493/workspace/buzzer/inc" -I"C:/Users/宏太/Documents/LPCXpresso_7.9.2_493/workspace/buzzer/lib" -O0 -Os -mword-relocations -g3 -Wall -c -fmessage-length=0 -fno-builtin -ffunction-sections -mcpu=cortex-m3 -mthumb -D__REDLIB__ -specs=redlib.specs -MMD -MP -MF"src/cr_startup_lpc13.d" -MT"src/cr_startup_lpc13.o" -MT"src/cr_startup_lpc13.d" -o"src/cr_startup_lpc13.o" "../src/cr_startup_lpc13.c"
../src/cr_startup_lpc13.c:34:28: fatal error: system_LPC13xx.h: No such file or directory
 #include "system_LPC13xx.h"
                            ^
compilation terminated.
make: *** [src/cr_startup_lpc13.o] Error 1
16:53:37 **** Incremental Build of configuration Debug for project kirakira ****
make -r all 
Building file: ../src/gpio.c
Invoking: MCU C Compiler
arm-none-eabi-gcc -D__USE_CMSIS=CMSISv1p30_LPC13xx -DDEBUG -D__CODE_RED -D__REDLIB__ -I"C:/Users/宏太/Documents/LPCXpresso_7.9.2_493/workspace/kirakira/inc" -I"C:/Users/宏太/Documents/LPCXpresso_7.9.2_493/workspace/kirakira/lib" -O0 -Os -mword-relocations -g3 -Wall -c -fmessage-length=0 -fno-builtin -ffunction-sections -mcpu=cortex-m3 -mthumb -D__REDLIB__ -specs=redlib.specs -MMD -MP -MF"src/gpio.d" -MT"src/gpio.o" -MT"src/gpio.d" -o"src/gpio.o" "../src/gpio.c"
../src/gpio.c:2:58: fatal error: LPC13xx.h: No such file or directory
 #include "LPC13xx.h"   /* LPC13xx Peripheral Registers */
                                                          ^
compilation terminated.
make: *** [src/gpio.o] Error 1
16:54:08 **** Clean-only build of configuration Debug for project kirakira ****
make -r clean 
rm -rf  ./src/gpio.o ./src/ixbus.o ./src/main.o ./src/vs-wrc103.o  ./src/gpio.d ./src/ixbus.d ./src/main.d ./src/vs-wrc103.d  kirakira.axf
 
16:54:12 **** Build of configuration Debug for project kirakira ****
make -r all 
Building file: ../src/gpio.c
Invoking: MCU C Compiler
arm-none-eabi-gcc -D__USE_CMSIS=CMSISv1p30_LPC13xx -DDEBUG -D__CODE_RED -D__REDLIB__ -I"C:/Users/宏太/Documents/LPCXpresso_7.9.2_493/workspace/kirakira/inc" -I"C:/Users/宏太/Documents/LPCXpresso_7.9.2_493/workspace/kirakira/lib" -O0 -Os -mword-relocations -g3 -Wall -c -fmessage-length=0 -fno-builtin -ffunction-sections -mcpu=cortex-m3 -mthumb -D__REDLIB__ -specs=redlib.specs -MMD -MP -MF"src/gpio.d" -MT"src/gpio.o" -MT"src/gpio.d" -o"src/gpio.o" "../src/gpio.c"
../src/gpio.c:2:58: fatal error: LPC13xx.h: No such file or directory
 #include "LPC13xx.h"   /* LPC13xx Peripheral Registers */
                                                          ^
compilation terminated.
make: *** [src/gpio.o] Error 1
16:54:17 **** Clean-only build of configuration Debug for project kirakira ****
make -r clean 
rm -rf  ./src/gpio.o ./src/ixbus.o ./src/main.o ./src/vs-wrc103.o  ./src/gpio.d ./src/ixbus.d ./src/main.d ./src/vs-wrc103.d  kirakira.axf
 
16:54:18 **** Build of configuration Debug for project buzzer ****
make -r all 
Building file: ../src/cr_startup_lpc13.c
Invoking: MCU C Compiler
arm-none-eabi-gcc -D__USE_CMSIS=CMSISv1p30_LPC13xx -DDEBUG -D__CODE_RED -D__REDLIB__ -I"C:/Users/宏太/Documents/LPCXpresso_7.9.2_493/workspace/buzzer/inc" -I"C:/Users/宏太/Documents/LPCXpresso_7.9.2_493/workspace/buzzer/lib" -O0 -Os -mword-relocations -g3 -Wall -c -fmessage-length=0 -fno-builtin -ffunction-sections -mcpu=cortex-m3 -mthumb -D__REDLIB__ -specs=redlib.specs -MMD -MP -MF"src/cr_startup_lpc13.d" -MT"src/cr_startup_lpc13.o" -MT"src/cr_startup_lpc13.d" -o"src/cr_startup_lpc13.o" "../src/cr_startup_lpc13.c"
../src/cr_startup_lpc13.c:34:28: fatal error: system_LPC13xx.h: No such file or directory
 #include "system_LPC13xx.h"
                            ^
compilation terminated.
make: *** [src/cr_startup_lpc13.o] Error 1
16:54:18 **** Build of configuration Debug for project kirakira ****
make -r all 
Building file: ../src/gpio.c
Invoking: MCU C Compiler
arm-none-eabi-gcc -D__USE_CMSIS=CMSISv1p30_LPC13xx -DDEBUG -D__CODE_RED -D__REDLIB__ -I"C:/Users/宏太/Documents/LPCXpresso_7.9.2_493/workspace/kirakira/inc" -I"C:/Users/宏太/Documents/LPCXpresso_7.9.2_493/workspace/kirakira/lib" -O0 -Os -mword-relocations -g3 -Wall -c -fmessage-length=0 -fno-builtin -ffunction-sections -mcpu=cortex-m3 -mthumb -D__REDLIB__ -specs=redlib.specs -MMD -MP -MF"src/gpio.d" -MT"src/gpio.o" -MT"src/gpio.d" -o"src/gpio.o" "../src/gpio.c"
../src/gpio.c:2:58: fatal error: LPC13xx.h: No such file or directory
 #include "LPC13xx.h"   /* LPC13xx Peripheral Registers */
                                                          ^
compilation terminated.
make: *** [src/gpio.o] Error 1
16:54:44 **** Incremental Build of configuration Debug for project kirakira ****
make -r all 
Building file: ../src/gpio.c
Invoking: MCU C Compiler
arm-none-eabi-gcc -D__USE_CMSIS=CMSISv1p30_LPC13xx -DDEBUG -D__CODE_RED -D__REDLIB__ -I"C:/Users/宏太/Documents/LPCXpresso_7.9.2_493/workspace/kirakira/inc" -I"C:/Users/宏太/Documents/LPCXpresso_7.9.2_493/workspace/kirakira/lib" -O0 -Os -mword-relocations -g3 -Wall -c -fmessage-length=0 -fno-builtin -ffunction-sections -mcpu=cortex-m3 -mthumb -D__REDLIB__ -specs=redlib.specs -MMD -MP -MF"src/gpio.d" -MT"src/gpio.o" -MT"src/gpio.d" -o"src/gpio.o" "../src/gpio.c"
../src/gpio.c:2:58: fatal error: LPC13xx.h: No such file or directory
 #include "LPC13xx.h"   /* LPC13xx Peripheral Registers */
                                                          ^
compilation terminated.
make: *** [src/gpio.o] Error 1
16:54:44 **** Incremental Build of configuration Debug for project kirakira ****
make -r all 
Building file: ../src/gpio.c
Invoking: MCU C Compiler
arm-none-eabi-gcc -D__USE_CMSIS=CMSISv1p30_LPC13xx -DDEBUG -D__CODE_RED -D__REDLIB__ -I"C:/Users/宏太/Documents/LPCXpresso_7.9.2_493/workspace/kirakira/inc" -I"C:/Users/宏太/Documents/LPCXpresso_7.9.2_493/workspace/kirakira/lib" -O0 -Os -mword-relocations -g3 -Wall -c -fmessage-length=0 -fno-builtin -ffunction-sections -mcpu=cortex-m3 -mthumb -D__REDLIB__ -specs=redlib.specs -MMD -MP -MF"src/gpio.d" -MT"src/gpio.o" -MT"src/gpio.d" -o"src/gpio.o" "../src/gpio.c"
../src/gpio.c:2:58: fatal error: LPC13xx.h: No such file or directory
 #include "LPC13xx.h"   /* LPC13xx Peripheral Registers */
                                                          ^
compilation terminated.
make: *** [src/gpio.o] Error 1
16:54:53 **** Clean-only build of configuration Debug for project kirakira ****
make -r clean 
rm -rf  ./src/gpio.o ./src/ixbus.o ./src/main.o ./src/vs-wrc103.o  ./src/gpio.d ./src/ixbus.d ./src/main.d ./src/vs-wrc103.d  kirakira.axf
 
16:56:43 **** Build of configuration Debug for project VS-WRC103LV_Sample_Motor ****
make -r all 
Building file: ../src/cr_startup_lpc13.c
Invoking: MCU C Compiler
arm-none-eabi-gcc -D__USE_CMSIS=CMSISv1p30_LPC13xx -DDEBUG -D__CODE_RED -D__REDLIB__ -I"C:/Users/宏太/Documents/LPCXpresso_7.9.2_493/workspace/VS-WRC103LV_Sample_Motor/inc" -I"C:/Users/宏太/Documents/LPCXpresso_7.9.2_493/workspace/VS-WRC103LV_Sample_Motor/lib" -O0 -Os -mword-relocations -g3 -Wall -c -fmessage-length=0 -fno-builtin -ffunction-sections -mcpu=cortex-m3 -mthumb -D__REDLIB__ -specs=redlib.specs -MMD -MP -MF"src/cr_startup_lpc13.d" -MT"src/cr_startup_lpc13.o" -MT"src/cr_startup_lpc13.d" -o"src/cr_startup_lpc13.o" "../src/cr_startup_lpc13.c"
../src/cr_startup_lpc13.c:34:28: fatal error: system_LPC13xx.h: No such file or directory
 #include "system_LPC13xx.h"
                            ^
compilation terminated.
make: *** [src/cr_startup_lpc13.o] Error 1
16:59:23 **** Incremental Build of configuration Debug for project buzzer ****
make -r all 
Building file: ../src/cr_startup_lpc13.c
Invoking: MCU C Compiler
arm-none-eabi-gcc -D__USE_CMSIS=CMSISv1p30_LPC13xx -DDEBUG -D__CODE_RED -D__REDLIB__ -I"C:/Users/宏太/Documents/LPCXpresso_7.9.2_493/workspace/buzzer/inc" -I"C:/Users/宏太/Documents/LPCXpresso_7.9.2_493/workspace/buzzer/lib" -O0 -Os -mword-relocations -g3 -Wall -c -fmessage-length=0 -fno-builtin -ffunction-sections -mcpu=cortex-m3 -mthumb -D__REDLIB__ -specs=redlib.specs -MMD -MP -MF"src/cr_startup_lpc13.d" -MT"src/cr_startup_lpc13.o" -MT"src/cr_startup_lpc13.d" -o"src/cr_startup_lpc13.o" "../src/cr_startup_lpc13.c"
../src/cr_startup_lpc13.c:34:28: fatal error: system_LPC13xx.h: No such file or directory
 #include "system_LPC13xx.h"
                            ^
compilation terminated.
make: *** [src/cr_startup_lpc13.o] Error 1
16:59:24 **** Build of configuration Debug for project kirakira ****
make -r all 
Building file: ../src/gpio.c
Invoking: MCU C Compiler
arm-none-eabi-gcc -D__USE_CMSIS=CMSISv1p30_LPC13xx -DDEBUG -D__CODE_RED -D__REDLIB__ -I"C:/Users/宏太/Documents/LPCXpresso_7.9.2_493/workspace/kirakira/inc" -I"C:/Users/宏太/Documents/LPCXpresso_7.9.2_493/workspace/kirakira/lib" -O0 -Os -mword-relocations -g3 -Wall -c -fmessage-length=0 -fno-builtin -ffunction-sections -mcpu=cortex-m3 -mthumb -D__REDLIB__ -specs=redlib.specs -MMD -MP -MF"src/gpio.d" -MT"src/gpio.o" -MT"src/gpio.d" -o"src/gpio.o" "../src/gpio.c"
../src/gpio.c:2:58: fatal error: LPC13xx.h: No such file or directory
 #include "LPC13xx.h"   /* LPC13xx Peripheral Registers */
                                                          ^
compilation terminated.
make: *** [src/gpio.o] Error 1
17:09:16 **** Incremental Build of configuration Debug for project buzzer ****
make -r all 
Building file: ../src/cr_startup_lpc13.c
Invoking: MCU C Compiler
arm-none-eabi-gcc -D__USE_CMSIS=CMSISv1p30_LPC13xx -DDEBUG -D__CODE_RED -D__REDLIB__ -I"C:/Users/宏太/Documents/LPCXpresso_7.9.2_493/workspace/buzzer/inc" -I"C:/Users/宏太/Documents/LPCXpresso_7.9.2_493/workspace/buzzer/lib" -O0 -Os -mword-relocations -g3 -Wall -c -fmessage-length=0 -fno-builtin -ffunction-sections -mcpu=cortex-m3 -mthumb -D__REDLIB__ -specs=redlib.specs -MMD -MP -MF"src/cr_startup_lpc13.d" -MT"src/cr_startup_lpc13.o" -MT"src/cr_startup_lpc13.d" -o"src/cr_startup_lpc13.o" "../src/cr_startup_lpc13.c"
../src/cr_startup_lpc13.c:34:28: fatal error: system_LPC13xx.h: No such file or directory
 #include "system_LPC13xx.h"
                            ^
compilation terminated.
make: *** [src/cr_startup_lpc13.o] Error 1
17:09:17 **** Incremental Build of configuration Debug for project kirakira ****
make -r all 
Building file: ../src/gpio.c
Invoking: MCU C Compiler
arm-none-eabi-gcc -D__USE_CMSIS=CMSISv1p30_LPC13xx -DDEBUG -D__CODE_RED -D__REDLIB__ -I"C:/Users/宏太/Documents/LPCXpresso_7.9.2_493/workspace/kirakira/inc" -I"C:/Users/宏太/Documents/LPCXpresso_7.9.2_493/workspace/kirakira/lib" -O0 -Os -mword-relocations -g3 -Wall -c -fmessage-length=0 -fno-builtin -ffunction-sections -mcpu=cortex-m3 -mthumb -D__REDLIB__ -specs=redlib.specs -MMD -MP -MF"src/gpio.d" -MT"src/gpio.o" -MT"src/gpio.d" -o"src/gpio.o" "../src/gpio.c"
../src/gpio.c:2:58: fatal error: LPC13xx.h: No such file or directory
 #include "LPC13xx.h"   /* LPC13xx Peripheral Registers */
                                                          ^
compilation terminated.
make: *** [src/gpio.o] Error 1
17:15:23 **** Incremental Build of configuration Debug for project buzzer ****
make -r all 
Building file: ../src/cr_startup_lpc13.c
Invoking: MCU C Compiler
arm-none-eabi-gcc -D__USE_CMSIS=CMSISv1p30_LPC13xx -DDEBUG -D__CODE_RED -D__REDLIB__ -I"C:/workspace/buzzer/inc" -I"C:/workspace/buzzer/lib" -O0 -Os -mword-relocations -g3 -Wall -c -fmessage-length=0 -fno-builtin -ffunction-sections -mcpu=cortex-m3 -mthumb -D__REDLIB__ -specs=redlib.specs -MMD -MP -MF"src/cr_startup_lpc13.d" -MT"src/cr_startup_lpc13.o" -MT"src/cr_startup_lpc13.d" -o"src/cr_startup_lpc13.o" "../src/cr_startup_lpc13.c"
Finished building: ../src/cr_startup_lpc13.c
 
Building file: ../src/gpio.c
Invoking: MCU C Compiler
arm-none-eabi-gcc -D__USE_CMSIS=CMSISv1p30_LPC13xx -DDEBUG -D__CODE_RED -D__REDLIB__ -I"C:/workspace/buzzer/inc" -I"C:/workspace/buzzer/lib" -O0 -Os -mword-relocations -g3 -Wall -c -fmessage-length=0 -fno-builtin -ffunction-sections -mcpu=cortex-m3 -mthumb -D__REDLIB__ -specs=redlib.specs -MMD -MP -MF"src/gpio.d" -MT"src/gpio.o" -MT"src/gpio.d" -o"src/gpio.o" "../src/gpio.c"
Finished building: ../src/gpio.c
 
Building file: ../src/ixbus.c
Invoking: MCU C Compiler
arm-none-eabi-gcc -D__USE_CMSIS=CMSISv1p30_LPC13xx -DDEBUG -D__CODE_RED -D__REDLIB__ -I"C:/workspace/buzzer/inc" -I"C:/workspace/buzzer/lib" -O0 -Os -mword-relocations -g3 -Wall -c -fmessage-length=0 -fno-builtin -ffunction-sections -mcpu=cortex-m3 -mthumb -D__REDLIB__ -specs=redlib.specs -MMD -MP -MF"src/ixbus.d" -MT"src/ixbus.o" -MT"src/ixbus.d" -o"src/ixbus.o" "../src/ixbus.c"
Finished building: ../src/ixbus.c
 
Building file: ../src/main.c
Invoking: MCU C Compiler
arm-none-eabi-gcc -D__USE_CMSIS=CMSISv1p30_LPC13xx -DDEBUG -D__CODE_RED -D__REDLIB__ -I"C:/workspace/buzzer/inc" -I"C:/workspace/buzzer/lib" -O0 -Os -mword-relocations -g3 -Wall -c -fmessage-length=0 -fno-builtin -ffunction-sections -mcpu=cortex-m3 -mthumb -D__REDLIB__ -specs=redlib.specs -MMD -MP -MF"src/main.d" -MT"src/main.o" -MT"src/main.d" -o"src/main.o" "../src/main.c"
In file included from ../src/main.c:2:0:
C:/workspace/buzzer/inc/gpio.h:21:18: error: unknown type name 'uint32_t'
 void GPIOSetDir( uint32_t portNum, uint32_t bitPosi, uint32_t dir );
                  ^
C:/workspace/buzzer/inc/gpio.h:21:36: error: unknown type name 'uint32_t'
 void GPIOSetDir( uint32_t portNum, uint32_t bitPosi, uint32_t dir );
                                    ^
C:/workspace/buzzer/inc/gpio.h:21:54: error: unknown type name 'uint32_t'
 void GPIOSetDir( uint32_t portNum, uint32_t bitPosi, uint32_t dir );
                                                      ^
C:/workspace/buzzer/inc/gpio.h:22:23: error: unknown type name 'uint32_t'
 char GPIOGetValueBit( uint32_t portNum, uint32_t bitPosi );
                       ^
C:/workspace/buzzer/inc/gpio.h:22:41: error: unknown type name 'uint32_t'
 char GPIOGetValueBit( uint32_t portNum, uint32_t bitPosi );
                                         ^
C:/workspace/buzzer/inc/gpio.h:23:1: error: unknown type name 'uint32_t'
 uint32_t GPIOGetValue( uint32_t portNum);
 ^
C:/workspace/buzzer/inc/gpio.h:23:24: error: unknown type name 'uint32_t'
 uint32_t GPIOGetValue( uint32_t portNum);
                        ^
C:/workspace/buzzer/inc/gpio.h:24:20: error: unknown type name 'uint32_t'
 void GPIOSetValue( uint32_t portNum, uint32_t bitPosi, uint32_t bitVal );
                    ^
C:/workspace/buzzer/inc/gpio.h:24:38: error: unknown type name 'uint32_t'
 void GPIOSetValue( uint32_t portNum, uint32_t bitPosi, uint32_t bitVal );
                                      ^
C:/workspace/buzzer/inc/gpio.h:24:56: error: unknown type name 'uint32_t'
 void GPIOSetValue( uint32_t portNum, uint32_t bitPosi, uint32_t bitVal );
                                                        ^
C:/workspace/buzzer/inc/gpio.h:25:24: error: unknown type name 'uint32_t'
 void GPIOSetInterrupt( uint32_t portNum, uint32_t bitPosi, uint32_t sense,
                        ^
C:/workspace/buzzer/inc/gpio.h:25:42: error: unknown type name 'uint32_t'
 void GPIOSetInterrupt( uint32_t portNum, uint32_t bitPosi, uint32_t sense,
                                          ^
C:/workspace/buzzer/inc/gpio.h:25:60: error: unknown type name 'uint32_t'
 void GPIOSetInterrupt( uint32_t portNum, uint32_t bitPosi, uint32_t sense,
                                                            ^
C:/workspace/buzzer/inc/gpio.h:26:3: error: unknown type name 'uint32_t'
   uint32_t single, uint32_t event );
   ^
C:/workspace/buzzer/inc/gpio.h:26:20: error: unknown type name 'uint32_t'
   uint32_t single, uint32_t event );
                    ^
C:/workspace/buzzer/inc/gpio.h:27:21: error: unknown type name 'uint32_t'
 void GPIOIntEnable( uint32_t portNum, uint32_t bitPosi );
                     ^
C:/workspace/buzzer/inc/gpio.h:27:39: error: unknown type name 'uint32_t'
 void GPIOIntEnable( uint32_t portNum, uint32_t bitPosi );
                                       ^
C:/workspace/buzzer/inc/gpio.h:28:22: error: unknown type name 'uint32_t'
 void GPIOIntDisable( uint32_t portNum, uint32_t bitPosi );
                      ^
C:/workspace/buzzer/inc/gpio.h:28:40: error: unknown type name 'uint32_t'
 void GPIOIntDisable( uint32_t portNum, uint32_t bitPosi );
                                        ^
C:/workspace/buzzer/inc/gpio.h:29:1: error: unknown type name 'uint32_t'
 uint32_t GPIOIntStatus( uint32_t portNum, uint32_t bitPosi );
 ^
C:/workspace/buzzer/inc/gpio.h:29:25: error: unknown type name 'uint32_t'
 uint32_t GPIOIntStatus( uint32_t portNum, uint32_t bitPosi );
                         ^
C:/workspace/buzzer/inc/gpio.h:29:43: error: unknown type name 'uint32_t'
 uint32_t GPIOIntStatus( uint32_t portNum, uint32_t bitPosi );
                                           ^
C:/workspace/buzzer/inc/gpio.h:30:20: error: unknown type name 'uint32_t'
 void GPIOIntClear( uint32_t portNum, uint32_t bitPosi );
                    ^
C:/workspace/buzzer/inc/gpio.h:30:38: error: unknown type name 'uint32_t'
 void GPIOIntClear( uint32_t portNum, uint32_t bitPosi );
                                      ^
In file included from ../src/main.c:3:0:
C:/workspace/buzzer/inc/vs-wrc103.h:15:9: error: unknown type name 'uint8_t'
 typedef uint8_t BYTE;
         ^
In file included from ../src/main.c:3:0:
C:/workspace/buzzer/inc/vs-wrc103.h:175:14: error: unknown type name 'uint8_t'
 short getPAD(uint8_t num);
              ^
In file included from ../src/main.c:4:0:
C:/workspace/buzzer/inc/ixbus.h:46:8: error: unknown type name 'uint32_t'
 extern uint32_t I2C_init();
        ^
C:/workspace/buzzer/inc/ixbus.h:47:8: error: unknown type name 'uint32_t'
 extern uint32_t I2CStart( void );
        ^
C:/workspace/buzzer/inc/ixbus.h:48:8: error: unknown type name 'uint32_t'
 extern uint32_t I2CStop( void );
        ^
C:/workspace/buzzer/inc/ixbus.h:49:8: error: unknown type name 'uint32_t'
 extern uint32_t I2CEngine( void );
        ^
C:/workspace/buzzer/inc/ixbus.h:51:1: error: unknown type name 'uint8_t'
 uint8_t* GetIXAN();
 ^
make: *** [src/main.o] Error 1
17:15:25 **** Incremental Build of configuration Debug for project kirakira ****
make -r all 
Building file: ../src/gpio.c
Invoking: MCU C Compiler
arm-none-eabi-gcc -D__USE_CMSIS=CMSISv1p30_LPC13xx -DDEBUG -D__CODE_RED -D__REDLIB__ -I"C:/workspace/kirakira/inc" -I"C:/workspace/kirakira/lib" -O0 -Os -mword-relocations -g3 -Wall -c -fmessage-length=0 -fno-builtin -ffunction-sections -mcpu=cortex-m3 -mthumb -D__REDLIB__ -specs=redlib.specs -MMD -MP -MF"src/gpio.d" -MT"src/gpio.o" -MT"src/gpio.d" -o"src/gpio.o" "../src/gpio.c"
Finished building: ../src/gpio.c
 
Building file: ../src/ixbus.c
Invoking: MCU C Compiler
arm-none-eabi-gcc -D__USE_CMSIS=CMSISv1p30_LPC13xx -DDEBUG -D__CODE_RED -D__REDLIB__ -I"C:/workspace/kirakira/inc" -I"C:/workspace/kirakira/lib" -O0 -Os -mword-relocations -g3 -Wall -c -fmessage-length=0 -fno-builtin -ffunction-sections -mcpu=cortex-m3 -mthumb -D__REDLIB__ -specs=redlib.specs -MMD -MP -MF"src/ixbus.d" -MT"src/ixbus.o" -MT"src/ixbus.d" -o"src/ixbus.o" "../src/ixbus.c"
Finished building: ../src/ixbus.c
 
Building file: ../src/main.c
Invoking: MCU C Compiler
arm-none-eabi-gcc -D__USE_CMSIS=CMSISv1p30_LPC13xx -DDEBUG -D__CODE_RED -D__REDLIB__ -I"C:/workspace/kirakira/inc" -I"C:/workspace/kirakira/lib" -O0 -Os -mword-relocations -g3 -Wall -c -fmessage-length=0 -fno-builtin -ffunction-sections -mcpu=cortex-m3 -mthumb -D__REDLIB__ -specs=redlib.specs -MMD -MP -MF"src/main.d" -MT"src/main.o" -MT"src/main.d" -o"src/main.o" "../src/main.c"
Finished building: ../src/main.c
 
Building file: ../src/vs-wrc103.c
Invoking: MCU C Compiler
arm-none-eabi-gcc -D__USE_CMSIS=CMSISv1p30_LPC13xx -DDEBUG -D__CODE_RED -D__REDLIB__ -I"C:/workspace/kirakira/inc" -I"C:/workspace/kirakira/lib" -O0 -Os -mword-relocations -g3 -Wall -c -fmessage-length=0 -fno-builtin -ffunction-sections -mcpu=cortex-m3 -mthumb -D__REDLIB__ -specs=redlib.specs -MMD -MP -MF"src/vs-wrc103.d" -MT"src/vs-wrc103.o" -MT"src/vs-wrc103.d" -o"src/vs-wrc103.o" "../src/vs-wrc103.c"
Finished building: ../src/vs-wrc103.c
 
Building target: kirakira.axf
Invoking: MCU Linker
arm-none-eabi-gcc -nostdlib -L"C:/workspace/kirakira/lib" -Xlinker --gc-sections -Xlinker -Map=kirakira.map -mcpu=cortex-m3 -mthumb -T "../Debug/vs-wrc103lv_Debug.ld" -o "kirakira.axf"  ./src/gpio.o ./src/ixbus.o ./src/main.o ./src/vs-wrc103.o   -lCMSISv1p30_LPC13xx
c:/nxp/lpcxpresso_7.9.2_493/lpcxpresso/tools/bin/../lib/gcc/arm-none-eabi/4.9.3/../../../../arm-none-eabi/bin/ld.exe: warning: cannot find entry symbol ResetISR; not setting start address
Finished building target: kirakira.axf
 
make --no-print-directory post-build
Performing post-build steps
arm-none-eabi-size kirakira.axf; arm-none-eabi-size kirakira.axf; arm-none-eabi-objcopy -O binary kirakira.axf kirakira.bin; checksum kirakira.bin;
   text	   data	    bss	    dec	    hex	filename
      0	      0	      0	      0	      0	kirakira.axf
   text	   data	    bss	    dec	    hex	filename
      0	      0	      0	      0	      0	kirakira.axf
 
17:16:34 **** Incremental Build of configuration Debug for project buzzer ****
make -r all 
Building file: ../src/main.c
Invoking: MCU C Compiler
arm-none-eabi-gcc -D__USE_CMSIS=CMSISv1p30_LPC13xx -DDEBUG -D__CODE_RED -D__REDLIB__ -I"C:/workspace/buzzer/inc" -I"C:/workspace/buzzer/lib" -O0 -Os -mword-relocations -g3 -Wall -c -fmessage-length=0 -fno-builtin -ffunction-sections -mcpu=cortex-m3 -mthumb -D__REDLIB__ -specs=redlib.specs -MMD -MP -MF"src/main.d" -MT"src/main.o" -MT"src/main.d" -o"src/main.o" "../src/main.c"
In file included from ../src/main.c:2:0:
C:/workspace/buzzer/inc/gpio.h:21:18: error: unknown type name 'uint32_t'
 void GPIOSetDir( uint32_t portNum, uint32_t bitPosi, uint32_t dir );
                  ^
C:/workspace/buzzer/inc/gpio.h:21:36: error: unknown type name 'uint32_t'
 void GPIOSetDir( uint32_t portNum, uint32_t bitPosi, uint32_t dir );
                                    ^
C:/workspace/buzzer/inc/gpio.h:21:54: error: unknown type name 'uint32_t'
 void GPIOSetDir( uint32_t portNum, uint32_t bitPosi, uint32_t dir );
                                                      ^
C:/workspace/buzzer/inc/gpio.h:22:23: error: unknown type name 'uint32_t'
 char GPIOGetValueBit( uint32_t portNum, uint32_t bitPosi );
                       ^
C:/workspace/buzzer/inc/gpio.h:22:41: error: unknown type name 'uint32_t'
 char GPIOGetValueBit( uint32_t portNum, uint32_t bitPosi );
                                         ^
C:/workspace/buzzer/inc/gpio.h:23:1: error: unknown type name 'uint32_t'
 uint32_t GPIOGetValue( uint32_t portNum);
 ^
C:/workspace/buzzer/inc/gpio.h:23:24: error: unknown type name 'uint32_t'
 uint32_t GPIOGetValue( uint32_t portNum);
                        ^
C:/workspace/buzzer/inc/gpio.h:24:20: error: unknown type name 'uint32_t'
 void GPIOSetValue( uint32_t portNum, uint32_t bitPosi, uint32_t bitVal );
                    ^
C:/workspace/buzzer/inc/gpio.h:24:38: error: unknown type name 'uint32_t'
 void GPIOSetValue( uint32_t portNum, uint32_t bitPosi, uint32_t bitVal );
                                      ^
C:/workspace/buzzer/inc/gpio.h:24:56: error: unknown type name 'uint32_t'
 void GPIOSetValue( uint32_t portNum, uint32_t bitPosi, uint32_t bitVal );
                                                        ^
C:/workspace/buzzer/inc/gpio.h:25:24: error: unknown type name 'uint32_t'
 void GPIOSetInterrupt( uint32_t portNum, uint32_t bitPosi, uint32_t sense,
                        ^
C:/workspace/buzzer/inc/gpio.h:25:42: error: unknown type name 'uint32_t'
 void GPIOSetInterrupt( uint32_t portNum, uint32_t bitPosi, uint32_t sense,
                                          ^
C:/workspace/buzzer/inc/gpio.h:25:60: error: unknown type name 'uint32_t'
 void GPIOSetInterrupt( uint32_t portNum, uint32_t bitPosi, uint32_t sense,
                                                            ^
C:/workspace/buzzer/inc/gpio.h:26:3: error: unknown type name 'uint32_t'
   uint32_t single, uint32_t event );
   ^
C:/workspace/buzzer/inc/gpio.h:26:20: error: unknown type name 'uint32_t'
   uint32_t single, uint32_t event );
                    ^
C:/workspace/buzzer/inc/gpio.h:27:21: error: unknown type name 'uint32_t'
 void GPIOIntEnable( uint32_t portNum, uint32_t bitPosi );
                     ^
C:/workspace/buzzer/inc/gpio.h:27:39: error: unknown type name 'uint32_t'
 void GPIOIntEnable( uint32_t portNum, uint32_t bitPosi );
                                       ^
C:/workspace/buzzer/inc/gpio.h:28:22: error: unknown type name 'uint32_t'
 void GPIOIntDisable( uint32_t portNum, uint32_t bitPosi );
                      ^
C:/workspace/buzzer/inc/gpio.h:28:40: error: unknown type name 'uint32_t'
 void GPIOIntDisable( uint32_t portNum, uint32_t bitPosi );
                                        ^
C:/workspace/buzzer/inc/gpio.h:29:1: error: unknown type name 'uint32_t'
 uint32_t GPIOIntStatus( uint32_t portNum, uint32_t bitPosi );
 ^
C:/workspace/buzzer/inc/gpio.h:29:25: error: unknown type name 'uint32_t'
 uint32_t GPIOIntStatus( uint32_t portNum, uint32_t bitPosi );
                         ^
C:/workspace/buzzer/inc/gpio.h:29:43: error: unknown type name 'uint32_t'
 uint32_t GPIOIntStatus( uint32_t portNum, uint32_t bitPosi );
                                           ^
C:/workspace/buzzer/inc/gpio.h:30:20: error: unknown type name 'uint32_t'
 void GPIOIntClear( uint32_t portNum, uint32_t bitPosi );
                    ^
C:/workspace/buzzer/inc/gpio.h:30:38: error: unknown type name 'uint32_t'
 void GPIOIntClear( uint32_t portNum, uint32_t bitPosi );
                                      ^
In file included from ../src/main.c:3:0:
C:/workspace/buzzer/inc/vs-wrc103.h:15:9: error: unknown type name 'uint8_t'
 typedef uint8_t BYTE;
         ^
In file included from ../src/main.c:3:0:
C:/workspace/buzzer/inc/vs-wrc103.h:175:14: error: unknown type name 'uint8_t'
 short getPAD(uint8_t num);
              ^
In file included from ../src/main.c:4:0:
C:/workspace/buzzer/inc/ixbus.h:46:8: error: unknown type name 'uint32_t'
 extern uint32_t I2C_init();
        ^
C:/workspace/buzzer/inc/ixbus.h:47:8: error: unknown type name 'uint32_t'
 extern uint32_t I2CStart( void );
        ^
C:/workspace/buzzer/inc/ixbus.h:48:8: error: unknown type name 'uint32_t'
 extern uint32_t I2CStop( void );
        ^
C:/workspace/buzzer/inc/ixbus.h:49:8: error: unknown type name 'uint32_t'
 extern uint32_t I2CEngine( void );
        ^
C:/workspace/buzzer/inc/ixbus.h:51:1: error: unknown type name 'uint8_t'
 uint8_t* GetIXAN();
 ^
make: *** [src/main.o] Error 1
17:16:35 **** Incremental Build of configuration Debug for project kirakira ****
make -r all 
make: Nothing to be done for `all'.
17:16:40 **** Incremental Build of configuration Debug for project buzzer ****
make -r all 
Building file: ../src/main.c
Invoking: MCU C Compiler
arm-none-eabi-gcc -D__USE_CMSIS=CMSISv1p30_LPC13xx -DDEBUG -D__CODE_RED -D__REDLIB__ -I"C:/workspace/buzzer/inc" -I"C:/workspace/buzzer/lib" -O0 -Os -mword-relocations -g3 -Wall -c -fmessage-length=0 -fno-builtin -ffunction-sections -mcpu=cortex-m3 -mthumb -D__REDLIB__ -specs=redlib.specs -MMD -MP -MF"src/main.d" -MT"src/main.o" -MT"src/main.d" -o"src/main.o" "../src/main.c"
In file included from ../src/main.c:2:0:
C:/workspace/buzzer/inc/gpio.h:21:18: error: unknown type name 'uint32_t'
 void GPIOSetDir( uint32_t portNum, uint32_t bitPosi, uint32_t dir );
                  ^
C:/workspace/buzzer/inc/gpio.h:21:36: error: unknown type name 'uint32_t'
 void GPIOSetDir( uint32_t portNum, uint32_t bitPosi, uint32_t dir );
                                    ^
C:/workspace/buzzer/inc/gpio.h:21:54: error: unknown type name 'uint32_t'
 void GPIOSetDir( uint32_t portNum, uint32_t bitPosi, uint32_t dir );
                                                      ^
C:/workspace/buzzer/inc/gpio.h:22:23: error: unknown type name 'uint32_t'
 char GPIOGetValueBit( uint32_t portNum, uint32_t bitPosi );
                       ^
C:/workspace/buzzer/inc/gpio.h:22:41: error: unknown type name 'uint32_t'
 char GPIOGetValueBit( uint32_t portNum, uint32_t bitPosi );
                                         ^
C:/workspace/buzzer/inc/gpio.h:23:1: error: unknown type name 'uint32_t'
 uint32_t GPIOGetValue( uint32_t portNum);
 ^
C:/workspace/buzzer/inc/gpio.h:23:24: error: unknown type name 'uint32_t'
 uint32_t GPIOGetValue( uint32_t portNum);
                        ^
C:/workspace/buzzer/inc/gpio.h:24:20: error: unknown type name 'uint32_t'
 void GPIOSetValue( uint32_t portNum, uint32_t bitPosi, uint32_t bitVal );
                    ^
C:/workspace/buzzer/inc/gpio.h:24:38: error: unknown type name 'uint32_t'
 void GPIOSetValue( uint32_t portNum, uint32_t bitPosi, uint32_t bitVal );
                                      ^
C:/workspace/buzzer/inc/gpio.h:24:56: error: unknown type name 'uint32_t'
 void GPIOSetValue( uint32_t portNum, uint32_t bitPosi, uint32_t bitVal );
                                                        ^
C:/workspace/buzzer/inc/gpio.h:25:24: error: unknown type name 'uint32_t'
 void GPIOSetInterrupt( uint32_t portNum, uint32_t bitPosi, uint32_t sense,
                        ^
C:/workspace/buzzer/inc/gpio.h:25:42: error: unknown type name 'uint32_t'
 void GPIOSetInterrupt( uint32_t portNum, uint32_t bitPosi, uint32_t sense,
                                          ^
C:/workspace/buzzer/inc/gpio.h:25:60: error: unknown type name 'uint32_t'
 void GPIOSetInterrupt( uint32_t portNum, uint32_t bitPosi, uint32_t sense,
                                                            ^
C:/workspace/buzzer/inc/gpio.h:26:3: error: unknown type name 'uint32_t'
   uint32_t single, uint32_t event );
   ^
C:/workspace/buzzer/inc/gpio.h:26:20: error: unknown type name 'uint32_t'
   uint32_t single, uint32_t event );
                    ^
C:/workspace/buzzer/inc/gpio.h:27:21: error: unknown type name 'uint32_t'
 void GPIOIntEnable( uint32_t portNum, uint32_t bitPosi );
                     ^
C:/workspace/buzzer/inc/gpio.h:27:39: error: unknown type name 'uint32_t'
 void GPIOIntEnable( uint32_t portNum, uint32_t bitPosi );
                                       ^
C:/workspace/buzzer/inc/gpio.h:28:22: error: unknown type name 'uint32_t'
 void GPIOIntDisable( uint32_t portNum, uint32_t bitPosi );
                      ^
C:/workspace/buzzer/inc/gpio.h:28:40: error: unknown type name 'uint32_t'
 void GPIOIntDisable( uint32_t portNum, uint32_t bitPosi );
                                        ^
C:/workspace/buzzer/inc/gpio.h:29:1: error: unknown type name 'uint32_t'
 uint32_t GPIOIntStatus( uint32_t portNum, uint32_t bitPosi );
 ^
C:/workspace/buzzer/inc/gpio.h:29:25: error: unknown type name 'uint32_t'
 uint32_t GPIOIntStatus( uint32_t portNum, uint32_t bitPosi );
                         ^
C:/workspace/buzzer/inc/gpio.h:29:43: error: unknown type name 'uint32_t'
 uint32_t GPIOIntStatus( uint32_t portNum, uint32_t bitPosi );
                                           ^
C:/workspace/buzzer/inc/gpio.h:30:20: error: unknown type name 'uint32_t'
 void GPIOIntClear( uint32_t portNum, uint32_t bitPosi );
                    ^
C:/workspace/buzzer/inc/gpio.h:30:38: error: unknown type name 'uint32_t'
 void GPIOIntClear( uint32_t portNum, uint32_t bitPosi );
                                      ^
In file included from ../src/main.c:3:0:
C:/workspace/buzzer/inc/vs-wrc103.h:15:9: error: unknown type name 'uint8_t'
 typedef uint8_t BYTE;
         ^
In file included from ../src/main.c:3:0:
C:/workspace/buzzer/inc/vs-wrc103.h:175:14: error: unknown type name 'uint8_t'
 short getPAD(uint8_t num);
              ^
In file included from ../src/main.c:4:0:
C:/workspace/buzzer/inc/ixbus.h:46:8: error: unknown type name 'uint32_t'
 extern uint32_t I2C_init();
        ^
C:/workspace/buzzer/inc/ixbus.h:47:8: error: unknown type name 'uint32_t'
 extern uint32_t I2CStart( void );
        ^
C:/workspace/buzzer/inc/ixbus.h:48:8: error: unknown type name 'uint32_t'
 extern uint32_t I2CStop( void );
        ^
C:/workspace/buzzer/inc/ixbus.h:49:8: error: unknown type name 'uint32_t'
 extern uint32_t I2CEngine( void );
        ^
C:/workspace/buzzer/inc/ixbus.h:51:1: error: unknown type name 'uint8_t'
 uint8_t* GetIXAN();
 ^
make: *** [src/main.o] Error 1
17:16:40 **** Incremental Build of configuration Debug for project kirakira ****
make -r all 
make: Nothing to be done for `all'.
17:17:10 **** Incremental Build of configuration Debug for project buzzer ****
make -r all 
Building file: ../src/main.c
Invoking: MCU C Compiler
arm-none-eabi-gcc -D__USE_CMSIS=CMSISv1p30_LPC13xx -DDEBUG -D__CODE_RED -D__REDLIB__ -I"C:/workspace/buzzer/inc" -I"C:/workspace/buzzer/lib" -O0 -Os -mword-relocations -g3 -Wall -c -fmessage-length=0 -fno-builtin -ffunction-sections -mcpu=cortex-m3 -mthumb -D__REDLIB__ -specs=redlib.specs -MMD -MP -MF"src/main.d" -MT"src/main.o" -MT"src/main.d" -o"src/main.o" "../src/main.c"
In file included from ../src/main.c:1:0:
C:/workspace/buzzer/inc/gpio.h:21:18: error: unknown type name 'uint32_t'
 void GPIOSetDir( uint32_t portNum, uint32_t bitPosi, uint32_t dir );
                  ^
C:/workspace/buzzer/inc/gpio.h:21:36: error: unknown type name 'uint32_t'
 void GPIOSetDir( uint32_t portNum, uint32_t bitPosi, uint32_t dir );
                                    ^
C:/workspace/buzzer/inc/gpio.h:21:54: error: unknown type name 'uint32_t'
 void GPIOSetDir( uint32_t portNum, uint32_t bitPosi, uint32_t dir );
                                                      ^
C:/workspace/buzzer/inc/gpio.h:22:23: error: unknown type name 'uint32_t'
 char GPIOGetValueBit( uint32_t portNum, uint32_t bitPosi );
                       ^
C:/workspace/buzzer/inc/gpio.h:22:41: error: unknown type name 'uint32_t'
 char GPIOGetValueBit( uint32_t portNum, uint32_t bitPosi );
                                         ^
C:/workspace/buzzer/inc/gpio.h:23:1: error: unknown type name 'uint32_t'
 uint32_t GPIOGetValue( uint32_t portNum);
 ^
C:/workspace/buzzer/inc/gpio.h:23:24: error: unknown type name 'uint32_t'
 uint32_t GPIOGetValue( uint32_t portNum);
                        ^
C:/workspace/buzzer/inc/gpio.h:24:20: error: unknown type name 'uint32_t'
 void GPIOSetValue( uint32_t portNum, uint32_t bitPosi, uint32_t bitVal );
                    ^
C:/workspace/buzzer/inc/gpio.h:24:38: error: unknown type name 'uint32_t'
 void GPIOSetValue( uint32_t portNum, uint32_t bitPosi, uint32_t bitVal );
                                      ^
C:/workspace/buzzer/inc/gpio.h:24:56: error: unknown type name 'uint32_t'
 void GPIOSetValue( uint32_t portNum, uint32_t bitPosi, uint32_t bitVal );
                                                        ^
C:/workspace/buzzer/inc/gpio.h:25:24: error: unknown type name 'uint32_t'
 void GPIOSetInterrupt( uint32_t portNum, uint32_t bitPosi, uint32_t sense,
                        ^
C:/workspace/buzzer/inc/gpio.h:25:42: error: unknown type name 'uint32_t'
 void GPIOSetInterrupt( uint32_t portNum, uint32_t bitPosi, uint32_t sense,
                                          ^
C:/workspace/buzzer/inc/gpio.h:25:60: error: unknown type name 'uint32_t'
 void GPIOSetInterrupt( uint32_t portNum, uint32_t bitPosi, uint32_t sense,
                                                            ^
C:/workspace/buzzer/inc/gpio.h:26:3: error: unknown type name 'uint32_t'
   uint32_t single, uint32_t event );
   ^
C:/workspace/buzzer/inc/gpio.h:26:20: error: unknown type name 'uint32_t'
   uint32_t single, uint32_t event );
                    ^
C:/workspace/buzzer/inc/gpio.h:27:21: error: unknown type name 'uint32_t'
 void GPIOIntEnable( uint32_t portNum, uint32_t bitPosi );
                     ^
C:/workspace/buzzer/inc/gpio.h:27:39: error: unknown type name 'uint32_t'
 void GPIOIntEnable( uint32_t portNum, uint32_t bitPosi );
                                       ^
C:/workspace/buzzer/inc/gpio.h:28:22: error: unknown type name 'uint32_t'
 void GPIOIntDisable( uint32_t portNum, uint32_t bitPosi );
                      ^
C:/workspace/buzzer/inc/gpio.h:28:40: error: unknown type name 'uint32_t'
 void GPIOIntDisable( uint32_t portNum, uint32_t bitPosi );
                                        ^
C:/workspace/buzzer/inc/gpio.h:29:1: error: unknown type name 'uint32_t'
 uint32_t GPIOIntStatus( uint32_t portNum, uint32_t bitPosi );
 ^
C:/workspace/buzzer/inc/gpio.h:29:25: error: unknown type name 'uint32_t'
 uint32_t GPIOIntStatus( uint32_t portNum, uint32_t bitPosi );
                         ^
C:/workspace/buzzer/inc/gpio.h:29:43: error: unknown type name 'uint32_t'
 uint32_t GPIOIntStatus( uint32_t portNum, uint32_t bitPosi );
                                           ^
C:/workspace/buzzer/inc/gpio.h:30:20: error: unknown type name 'uint32_t'
 void GPIOIntClear( uint32_t portNum, uint32_t bitPosi );
                    ^
C:/workspace/buzzer/inc/gpio.h:30:38: error: unknown type name 'uint32_t'
 void GPIOIntClear( uint32_t portNum, uint32_t bitPosi );
                                      ^
In file included from ../src/main.c:2:0:
C:/workspace/buzzer/inc/vs-wrc103.h:15:9: error: unknown type name 'uint8_t'
 typedef uint8_t BYTE;
         ^
In file included from ../src/main.c:2:0:
C:/workspace/buzzer/inc/vs-wrc103.h:175:14: error: unknown type name 'uint8_t'
 short getPAD(uint8_t num);
              ^
In file included from ../src/main.c:3:0:
C:/workspace/buzzer/inc/ixbus.h:46:8: error: unknown type name 'uint32_t'
 extern uint32_t I2C_init();
        ^
C:/workspace/buzzer/inc/ixbus.h:47:8: error: unknown type name 'uint32_t'
 extern uint32_t I2CStart( void );
        ^
C:/workspace/buzzer/inc/ixbus.h:48:8: error: unknown type name 'uint32_t'
 extern uint32_t I2CStop( void );
        ^
C:/workspace/buzzer/inc/ixbus.h:49:8: error: unknown type name 'uint32_t'
 extern uint32_t I2CEngine( void );
        ^
C:/workspace/buzzer/inc/ixbus.h:51:1: error: unknown type name 'uint8_t'
 uint8_t* GetIXAN();
 ^
make: *** [src/main.o] Error 1
17:17:10 **** Incremental Build of configuration Debug for project kirakira ****
make -r all 
make: Nothing to be done for `all'.
17:17:58 **** Incremental Build of configuration Debug for project kirakira ****
make -r all 
make: Nothing to be done for `all'.
17:31:27 **** Incremental Build of configuration Debug for project kirakira ****
make -r all 
Building file: ../src/gpio.c
Invoking: MCU C Compiler
arm-none-eabi-gcc -D__USE_CMSIS=CMSISv1p30_LPC13xx -DDEBUG -D__CODE_RED -D__REDLIB__ -I"C:/nxp/workspace/kirakira/inc" -I"C:/nxp/workspace/kirakira/lib" -O0 -Os -mword-relocations -g3 -Wall -c -fmessage-length=0 -fno-builtin -ffunction-sections -mcpu=cortex-m3 -mthumb -D__REDLIB__ -specs=redlib.specs -MMD -MP -MF"src/gpio.d" -MT"src/gpio.o" -MT"src/gpio.d" -o"src/gpio.o" "../src/gpio.c"
Finished building: ../src/gpio.c
 
Building file: ../src/ixbus.c
Invoking: MCU C Compiler
arm-none-eabi-gcc -D__USE_CMSIS=CMSISv1p30_LPC13xx -DDEBUG -D__CODE_RED -D__REDLIB__ -I"C:/nxp/workspace/kirakira/inc" -I"C:/nxp/workspace/kirakira/lib" -O0 -Os -mword-relocations -g3 -Wall -c -fmessage-length=0 -fno-builtin -ffunction-sections -mcpu=cortex-m3 -mthumb -D__REDLIB__ -specs=redlib.specs -MMD -MP -MF"src/ixbus.d" -MT"src/ixbus.o" -MT"src/ixbus.d" -o"src/ixbus.o" "../src/ixbus.c"
Finished building: ../src/ixbus.c
 
Building file: ../src/main.c
Invoking: MCU C Compiler
arm-none-eabi-gcc -D__USE_CMSIS=CMSISv1p30_LPC13xx -DDEBUG -D__CODE_RED -D__REDLIB__ -I"C:/nxp/workspace/kirakira/inc" -I"C:/nxp/workspace/kirakira/lib" -O0 -Os -mword-relocations -g3 -Wall -c -fmessage-length=0 -fno-builtin -ffunction-sections -mcpu=cortex-m3 -mthumb -D__REDLIB__ -specs=redlib.specs -MMD -MP -MF"src/main.d" -MT"src/main.o" -MT"src/main.d" -o"src/main.o" "../src/main.c"
Finished building: ../src/main.c
 
Building file: ../src/vs-wrc103.c
Invoking: MCU C Compiler
arm-none-eabi-gcc -D__USE_CMSIS=CMSISv1p30_LPC13xx -DDEBUG -D__CODE_RED -D__REDLIB__ -I"C:/nxp/workspace/kirakira/inc" -I"C:/nxp/workspace/kirakira/lib" -O0 -Os -mword-relocations -g3 -Wall -c -fmessage-length=0 -fno-builtin -ffunction-sections -mcpu=cortex-m3 -mthumb -D__REDLIB__ -specs=redlib.specs -MMD -MP -MF"src/vs-wrc103.d" -MT"src/vs-wrc103.o" -MT"src/vs-wrc103.d" -o"src/vs-wrc103.o" "../src/vs-wrc103.c"
Finished building: ../src/vs-wrc103.c
 
Building target: kirakira.axf
Invoking: MCU Linker
arm-none-eabi-gcc -nostdlib -L"C:/nxp/workspace/kirakira/lib" -Xlinker --gc-sections -Xlinker -Map=kirakira.map -mcpu=cortex-m3 -mthumb -T "../Debug/vs-wrc103lv_Debug.ld" -o "kirakira.axf"  ./src/gpio.o ./src/ixbus.o ./src/main.o ./src/vs-wrc103.o   -lCMSISv1p30_LPC13xx
c:/nxp/lpcxpresso_7.9.2_493/lpcxpresso/tools/bin/../lib/gcc/arm-none-eabi/4.9.3/../../../../arm-none-eabi/bin/ld.exe: warning: cannot find entry symbol ResetISR; not setting start address
Finished building target: kirakira.axf
 
make --no-print-directory post-build
Performing post-build steps
arm-none-eabi-size kirakira.axf; arm-none-eabi-size kirakira.axf; arm-none-eabi-objcopy -O binary kirakira.axf kirakira.bin; checksum kirakira.bin;
   text	   data	    bss	    dec	    hex	filename
      0	      0	      0	      0	      0	kirakira.axf
   text	   data	    bss	    dec	    hex	filename
      0	      0	      0	      0	      0	kirakira.axf
 
17:52:24 **** Incremental Build of configuration Debug for project kirakira ****
make -r all 
Building file: ../src/main.c
Invoking: MCU C Compiler
arm-none-eabi-gcc -D__USE_CMSIS=CMSISv1p30_LPC13xx -DDEBUG -D__CODE_RED -D__REDLIB__ -I"C:/nxp/workspace/kirakira/inc" -I"C:/nxp/workspace/kirakira/lib" -O0 -Os -mword-relocations -g3 -Wall -c -fmessage-length=0 -fno-builtin -ffunction-sections -mcpu=cortex-m3 -mthumb -D__REDLIB__ -specs=redlib.specs -MMD -MP -MF"src/main.d" -MT"src/main.o" -MT"src/main.d" -o"src/main.o" "../src/main.c"
Finished building: ../src/main.c
 
Building target: kirakira.axf
Invoking: MCU Linker
arm-none-eabi-gcc -nostdlib -L"C:/nxp/workspace/kirakira/lib" -Xlinker --gc-sections -Xlinker -Map=kirakira.map -mcpu=cortex-m3 -mthumb -T "../Debug/vs-wrc103lv_Debug.ld" -o "kirakira.axf"  ./src/gpio.o ./src/ixbus.o ./src/main.o ./src/vs-wrc103.o   -lCMSISv1p30_LPC13xx
c:/nxp/lpcxpresso_7.9.2_493/lpcxpresso/tools/bin/../lib/gcc/arm-none-eabi/4.9.3/../../../../arm-none-eabi/bin/ld.exe: warning: cannot find entry symbol ResetISR; not setting start address
Finished building target: kirakira.axf
 
make --no-print-directory post-build
Performing post-build steps
arm-none-eabi-size kirakira.axf; arm-none-eabi-size kirakira.axf; arm-none-eabi-objcopy -O binary kirakira.axf kirakira.bin; checksum kirakira.bin;
   text	   data	    bss	    dec	    hex	filename
      0	      0	      0	      0	      0	kirakira.axf
   text	   data	    bss	    dec	    hex	filename
      0	      0	      0	      0	      0	kirakira.axf
 
17:52:46 **** Incremental Build of configuration Debug for project kirakira ****
make -r all 
Building file: ../src/main.c
Invoking: MCU C Compiler
arm-none-eabi-gcc -D__USE_CMSIS=CMSISv1p30_LPC13xx -DDEBUG -D__CODE_RED -D__REDLIB__ -I"C:/nxp/workspace/kirakira/inc" -I"C:/nxp/workspace/kirakira/lib" -O0 -Os -mword-relocations -g3 -Wall -c -fmessage-length=0 -fno-builtin -ffunction-sections -mcpu=cortex-m3 -mthumb -D__REDLIB__ -specs=redlib.specs -MMD -MP -MF"src/main.d" -MT"src/main.o" -MT"src/main.d" -o"src/main.o" "../src/main.c"
Finished building: ../src/main.c
 
Building target: kirakira.axf
Invoking: MCU Linker
arm-none-eabi-gcc -nostdlib -L"C:/nxp/workspace/kirakira/lib" -Xlinker --gc-sections -Xlinker -Map=kirakira.map -mcpu=cortex-m3 -mthumb -T "../Debug/vs-wrc103lv_Debug.ld" -o "kirakira.axf"  ./src/gpio.o ./src/ixbus.o ./src/main.o ./src/vs-wrc103.o   -lCMSISv1p30_LPC13xx
c:/nxp/lpcxpresso_7.9.2_493/lpcxpresso/tools/bin/../lib/gcc/arm-none-eabi/4.9.3/../../../../arm-none-eabi/bin/ld.exe: warning: cannot find entry symbol ResetISR; not setting start address
Finished building target: kirakira.axf
 
make --no-print-directory post-build
Performing post-build steps
arm-none-eabi-size kirakira.axf; arm-none-eabi-size kirakira.axf; arm-none-eabi-objcopy -O binary kirakira.axf kirakira.bin; checksum kirakira.bin;
   text	   data	    bss	    dec	    hex	filename
      0	      0	      0	      0	      0	kirakira.axf
   text	   data	    bss	    dec	    hex	filename
      0	      0	      0	      0	      0	kirakira.axf
 
18:05:11 **** Incremental Build of configuration Debug for project kirakira ****
make -r all 
Building file: ../src/main.c
Invoking: MCU C Compiler
arm-none-eabi-gcc -D__USE_CMSIS=CMSISv1p30_LPC13xx -DDEBUG -D__CODE_RED -D__REDLIB__ -I"C:/nxp/workspace/kirakira/inc" -I"C:/nxp/workspace/kirakira/lib" -O0 -Os -mword-relocations -g3 -Wall -c -fmessage-length=0 -fno-builtin -ffunction-sections -mcpu=cortex-m3 -mthumb -D__REDLIB__ -specs=redlib.specs -MMD -MP -MF"src/main.d" -MT"src/main.o" -MT"src/main.d" -o"src/main.o" "../src/main.c"
Finished building: ../src/main.c
 
Building target: kirakira.axf
Invoking: MCU Linker
arm-none-eabi-gcc -nostdlib -L"C:/nxp/workspace/kirakira/lib" -Xlinker --gc-sections -Xlinker -Map=kirakira.map -mcpu=cortex-m3 -mthumb -T "../Debug/vs-wrc103lv_Debug.ld" -o "kirakira.axf"  ./src/gpio.o ./src/ixbus.o ./src/main.o ./src/vs-wrc103.o   -lCMSISv1p30_LPC13xx
c:/nxp/lpcxpresso_7.9.2_493/lpcxpresso/tools/bin/../lib/gcc/arm-none-eabi/4.9.3/../../../../arm-none-eabi/bin/ld.exe: warning: cannot find entry symbol ResetISR; not setting start address
Finished building target: kirakira.axf
 
make --no-print-directory post-build
Performing post-build steps
arm-none-eabi-size kirakira.axf; arm-none-eabi-size kirakira.axf; arm-none-eabi-objcopy -O binary kirakira.axf kirakira.bin; checksum kirakira.bin;
   text	   data	    bss	    dec	    hex	filename
      0	      0	      0	      0	      0	kirakira.axf
   text	   data	    bss	    dec	    hex	filename
      0	      0	      0	      0	      0	kirakira.axf
 
