11:47:20 **** Incremental Build of configuration Debug for project led ****
make -r all 
Building file: ../src/main.c
Invoking: MCU C Compiler
arm-none-eabi-gcc -D__USE_CMSIS=CMSISv1p30_LPC13xx -DDEBUG -D__CODE_RED -D__REDLIB__ -I"/home/t/o104064k/robocar/workspace/led/inc" -I"/home/t/o104064k/robocar/workspace/led/lib" -O0 -Os -mword-relocations -g3 -Wall -c -fmessage-length=0 -fno-builtin -ffunction-sections -mcpu=cortex-m3 -mthumb -D__REDLIB__ -specs=redlib.specs -MMD -MP -MF"src/main.d" -MT"src/main.o" -MT"src/main.d" -o"src/main.o" "../src/main.c"
Finished building: ../src/main.c
 
Building target: led.axf
Invoking: MCU Linker
arm-none-eabi-gcc -nostdlib -L"/home/t/o104064k/robocar/workspace/led/lib" -Xlinker --gc-sections -Xlinker -Map=led.map -mcpu=cortex-m3 -mthumb -T "../Debug/vs-wrc103lv_Debug.ld" -o "led.axf"  ./src/cr_startup_lpc13.o ./src/gpio.o ./src/ixbus.o ./src/main.o ./src/vs-wrc103.o   -lCMSISv1p30_LPC13xx
Finished building target: led.axf
 
make --no-print-directory post-build
Performing post-build steps
arm-none-eabi-size led.axf; arm-none-eabi-size led.axf; arm-none-eabi-objcopy -O binary led.axf led.bin; checksum led.bin;
   text	   data	    bss	    dec	    hex	filename
   2885	      0	    490	   3375	    d2f	led.axf
   text	   data	    bss	    dec	    hex	filename
   2885	      0	    490	   3375	    d2f	led.axf
 

11:47:20 Build Finished (took 155ms)

