10:51:13 **** Build of configuration Debug for project motor ****
make -r all 
Building target: motor.axf
Invoking: MCU Linker
arm-none-eabi-gcc -nostdlib -L"/home/t/o104064k/robocar/workspace/motor/lib" -Xlinker --gc-sections -Xlinker -Map=motor.map -mcpu=cortex-m3 -mthumb -T "../Debug/vs-wrc103lv_Debug.ld" -o "motor.axf"  ./src/cr_startup_lpc13.o ./src/gpio.o ./src/ixbus.o ./src/main.o ./src/vs-wrc103.o   -lCMSISv1p30_LPC13xx
Finished building target: motor.axf
 
make --no-print-directory post-build
Performing post-build steps
arm-none-eabi-size motor.axf; arm-none-eabi-size motor.axf; arm-none-eabi-objcopy -O binary motor.axf motor.bin; checksum motor.bin;
   text	   data	    bss	    dec	    hex	filename
   3021	      0	    490	   3511	    db7	motor.axf
   text	   data	    bss	    dec	    hex	filename
   3021	      0	    490	   3511	    db7	motor.axf
 

10:51:13 Build Finished (took 208ms)

