18:33:23 **** Build of configuration Debug for project motor ****
make -r all 
Building file: ../src/cr_startup_lpc13.c
Invoking: MCU C Compiler
arm-none-eabi-gcc -D__USE_CMSIS=CMSISv1p30_LPC13xx -DDEBUG -D__CODE_RED -D__REDLIB__ -I"C:/nxp/LPCXpresso_7.9.2_493/workspace/workspace/motor/inc" -I"C:/nxp/LPCXpresso_7.9.2_493/workspace/workspace/motor/lib" -O0 -Os -mword-relocations -g3 -Wall -c -fmessage-length=0 -fno-builtin -ffunction-sections -mcpu=cortex-m3 -mthumb -D__REDLIB__ -specs=redlib.specs -MMD -MP -MF"src/cr_startup_lpc13.d" -MT"src/cr_startup_lpc13.o" -MT"src/cr_startup_lpc13.d" -o"src/cr_startup_lpc13.o" "../src/cr_startup_lpc13.c"
Finished building: ../src/cr_startup_lpc13.c
 
Building file: ../src/gpio.c
Invoking: MCU C Compiler
arm-none-eabi-gcc -D__USE_CMSIS=CMSISv1p30_LPC13xx -DDEBUG -D__CODE_RED -D__REDLIB__ -I"C:/nxp/LPCXpresso_7.9.2_493/workspace/workspace/motor/inc" -I"C:/nxp/LPCXpresso_7.9.2_493/workspace/workspace/motor/lib" -O0 -Os -mword-relocations -g3 -Wall -c -fmessage-length=0 -fno-builtin -ffunction-sections -mcpu=cortex-m3 -mthumb -D__REDLIB__ -specs=redlib.specs -MMD -MP -MF"src/gpio.d" -MT"src/gpio.o" -MT"src/gpio.d" -o"src/gpio.o" "../src/gpio.c"
Finished building: ../src/gpio.c
 
Building file: ../src/ixbus.c
Invoking: MCU C Compiler
arm-none-eabi-gcc -D__USE_CMSIS=CMSISv1p30_LPC13xx -DDEBUG -D__CODE_RED -D__REDLIB__ -I"C:/nxp/LPCXpresso_7.9.2_493/workspace/workspace/motor/inc" -I"C:/nxp/LPCXpresso_7.9.2_493/workspace/workspace/motor/lib" -O0 -Os -mword-relocations -g3 -Wall -c -fmessage-length=0 -fno-builtin -ffunction-sections -mcpu=cortex-m3 -mthumb -D__REDLIB__ -specs=redlib.specs -MMD -MP -MF"src/ixbus.d" -MT"src/ixbus.o" -MT"src/ixbus.d" -o"src/ixbus.o" "../src/ixbus.c"
Finished building: ../src/ixbus.c
 
Building file: ../src/main.c
Invoking: MCU C Compiler
arm-none-eabi-gcc -D__USE_CMSIS=CMSISv1p30_LPC13xx -DDEBUG -D__CODE_RED -D__REDLIB__ -I"C:/nxp/LPCXpresso_7.9.2_493/workspace/workspace/motor/inc" -I"C:/nxp/LPCXpresso_7.9.2_493/workspace/workspace/motor/lib" -O0 -Os -mword-relocations -g3 -Wall -c -fmessage-length=0 -fno-builtin -ffunction-sections -mcpu=cortex-m3 -mthumb -D__REDLIB__ -specs=redlib.specs -MMD -MP -MF"src/main.d" -MT"src/main.o" -MT"src/main.d" -o"src/main.o" "../src/main.c"
Finished building: ../src/main.c
 
Building file: ../src/vs-wrc103.c
Invoking: MCU C Compiler
arm-none-eabi-gcc -D__USE_CMSIS=CMSISv1p30_LPC13xx -DDEBUG -D__CODE_RED -D__REDLIB__ -I"C:/nxp/LPCXpresso_7.9.2_493/workspace/workspace/motor/inc" -I"C:/nxp/LPCXpresso_7.9.2_493/workspace/workspace/motor/lib" -O0 -Os -mword-relocations -g3 -Wall -c -fmessage-length=0 -fno-builtin -ffunction-sections -mcpu=cortex-m3 -mthumb -D__REDLIB__ -specs=redlib.specs -MMD -MP -MF"src/vs-wrc103.d" -MT"src/vs-wrc103.o" -MT"src/vs-wrc103.d" -o"src/vs-wrc103.o" "../src/vs-wrc103.c"
Finished building: ../src/vs-wrc103.c
 
Building target: motor.axf
Invoking: MCU Linker
arm-none-eabi-gcc -nostdlib -L"C:/nxp/LPCXpresso_7.9.2_493/workspace/workspace/motor/lib" -Xlinker --gc-sections -Xlinker -Map=motor.map -mcpu=cortex-m3 -mthumb -T "../Debug/vs-wrc103lv_Debug.ld" -o "motor.axf"  ./src/cr_startup_lpc13.o ./src/gpio.o ./src/ixbus.o ./src/main.o ./src/vs-wrc103.o   -lCMSISv1p30_LPC13xx
Finished building target: motor.axf
 
make --no-print-directory post-build
Performing post-build steps
arm-none-eabi-size motor.axf; arm-none-eabi-size motor.axf; arm-none-eabi-objcopy -O binary motor.axf motor.bin; checksum motor.bin;
   text	   data	    bss	    dec	    hex	filename
   3021	      0	    490	   3511	    db7	motor.axf
   text	   data	    bss	    dec	    hex	filename
   3021	      0	    490	   3511	    db7	motor.axf
 

18:33:26 Build Finished (took 3s.56ms)

