10:51:13 **** Build of configuration Debug for project photo_sensor ****
make -r all 
Building target: photo_sensor.axf
Invoking: MCU Linker
arm-none-eabi-gcc -nostdlib -L"/home/t/o104064k/robocar/workspace/photo_sensor/lib" -Xlinker --gc-sections -Xlinker -Map=photo_sensor.map -mcpu=cortex-m3 -mthumb -T "../Debug/vs-wrc103lv_Debug.ld" -o "photo_sensor.axf"  ./src/cr_startup_lpc13.o ./src/gpio.o ./src/ixbus.o ./src/main.o ./src/vs-wrc103.o   -lCMSISv1p30_LPC13xx
Finished building target: photo_sensor.axf
 
make --no-print-directory post-build
Performing post-build steps
arm-none-eabi-size photo_sensor.axf; arm-none-eabi-size photo_sensor.axf; arm-none-eabi-objcopy -O binary photo_sensor.axf photo_sensor.bin; checksum photo_sensor.bin;
   text	   data	    bss	    dec	    hex	filename
   2961	      0	    490	   3451	    d7b	photo_sensor.axf
   text	   data	    bss	    dec	    hex	filename
   2961	      0	    490	   3451	    d7b	photo_sensor.axf
 

10:51:13 Build Finished (took 208ms)

