11:34:41 **** Incremental Build of configuration Debug for project seirogan ****
make -r all 
Building file: ../src/main.c
Invoking: MCU C Compiler
arm-none-eabi-gcc -D__USE_CMSIS=CMSISv1p30_LPC13xx -DDEBUG -D__CODE_RED -D__REDLIB__ -I"C:/nxp/workspace/seirogan/inc" -I"C:/nxp/workspace/seirogan/lib" -O0 -Os -mword-relocations -g3 -Wall -c -fmessage-length=0 -fno-builtin -ffunction-sections -mcpu=cortex-m3 -mthumb -D__REDLIB__ -specs=redlib.specs -MMD -MP -MF"src/main.d" -MT"src/main.o" -MT"src/main.d" -o"src/main.o" "../src/main.c"
../src/main.c:19:1: warning: data definition has no type or storage class
 halfnote = PITCH/2;
 ^
../src/main.c:19:1: warning: type defaults to 'int' in declaration of 'halfnote' [-Wimplicit-int]
../src/main.c:20:1: warning: data definition has no type or storage class
 quaternote = PITCH/4;
 ^
../src/main.c:20:1: warning: type defaults to 'int' in declaration of 'quaternote' [-Wimplicit-int]
../src/main.c:21:1: warning: data definition has no type or storage class
 eighthnote = PITCH/8;
 ^
../src/main.c:21:1: warning: type defaults to 'int' in declaration of 'eighthnote' [-Wimplicit-int]
../src/main.c:22:1: warning: data definition has no type or storage class
 sixthnote = PITCH/16;
 ^
../src/main.c:22:1: warning: type defaults to 'int' in declaration of 'sixthnote' [-Wimplicit-int]
../src/main.c: In function 'Seirogan':
../src/main.c:38:6: warning: unused variable 'wait' [-Wunused-variable]
  int wait = 10;
      ^
Finished building: ../src/main.c
 
Building target: seirogan.axf
Invoking: MCU Linker
arm-none-eabi-gcc -nostdlib -L"C:/nxp/workspace/seirogan/lib" -Xlinker --gc-sections -Xlinker -Map=seirogan.map -mcpu=cortex-m3 -mthumb -T "../Debug/vs-wrc103lv_Debug.ld" -o "seirogan.axf"  ./src/cr_startup_lpc13.o ./src/gpio.o ./src/ixbus.o ./src/main.o ./src/vs-wrc103.o   -lCMSISv1p30_LPC13xx
Finished building target: seirogan.axf
 
make --no-print-directory post-build
Performing post-build steps
arm-none-eabi-size seirogan.axf; arm-none-eabi-size seirogan.axf; arm-none-eabi-objcopy -O binary seirogan.axf seirogan.bin; checksum seirogan.bin;
   text	   data	    bss	    dec	    hex	filename
   3009	     16	    494	   3519	    dbf	seirogan.axf
   text	   data	    bss	    dec	    hex	filename
   3009	     16	    494	   3519	    dbf	seirogan.axf
 

11:34:42 Build Finished (took 951ms)

