10:30:39 **** Build of configuration Debug for project test ****
make -r all 
Building target: test.axf
Invoking: MCU Linker
arm-none-eabi-gcc -nostdlib -L"/home/t/o104064k/robocar/workspace/test/lib" -Xlinker --gc-sections -Xlinker -Map=test.map -mcpu=cortex-m3 -mthumb -T "../Debug/vs-wrc103lv_Debug.ld" -o "test.axf"  ./src/cr_startup_lpc13.o ./src/gpio.o ./src/ixbus.o ./src/main.o ./src/vs-wrc103.o   -lCMSISv1p30_LPC13xx
Finished building target: test.axf
 
make --no-print-directory post-build
Performing post-build steps
arm-none-eabi-size test.axf; arm-none-eabi-size test.axf; arm-none-eabi-objcopy -O binary test.axf test.bin; checksum test.bin;
   text	   data	    bss	    dec	    hex	filename
   2985	      0	    490	   3475	    d93	test.axf
   text	   data	    bss	    dec	    hex	filename
   2985	      0	    490	   3475	    d93	test.axf
 

10:30:39 Build Finished (took 207ms)

