10:51:15 **** Build of configuration Debug for project trace ****
make -r all 
Building target: trace.axf
Invoking: MCU Linker
arm-none-eabi-gcc -nostdlib -L"/home/t/o104064k/robocar/workspace/trace/lib" -Xlinker --gc-sections -Xlinker -Map=trace.map -mcpu=cortex-m3 -mthumb -T "../Debug/vs-wrc103lv_Debug.ld" -o "trace.axf"  ./src/cr_startup_lpc13.o ./src/gpio.o ./src/ixbus.o ./src/main.o ./src/vs-wrc103.o   -lCMSISv1p30_LPC13xx
Finished building target: trace.axf
 
make --no-print-directory post-build
Performing post-build steps
arm-none-eabi-size trace.axf; arm-none-eabi-size trace.axf; arm-none-eabi-objcopy -O binary trace.axf trace.bin; checksum trace.bin;
   text	   data	    bss	    dec	    hex	filename
   3129	      0	    490	   3619	    e23	trace.axf
   text	   data	    bss	    dec	    hex	filename
   3129	      0	    490	   3619	    e23	trace.axf
 

10:51:16 Build Finished (took 213ms)

